############ /persist/ndi contents ############
===== /home/justin/pn2/persist/ndi/controller1imu.eep (492 bytes) =====
00000000: 5043 3136 3130 4e47 4539 3134 3032 3433  PC1610NGE9140243
00000010: 4701 ffff 3f80 058c b9db d396 bb34 d9f7  G...?........4..
00000020: bbe2 134a ba1c 2c6a 3f7f a99e 39a4 1323  ...J..,j?...9..#
00000030: bb51 7f33 bac3 3dbb 3929 e891 3f7f db13  .Q.3..=.9)..?...
00000040: bb9a af45 3f7f ea4d 3820 230a bad7 fca4  ...E?..M8 #.....
00000050: bbd1 209d 0000 0000 3f7f 8f30 3a00 869a  .. .....?..0:...
00000060: bdb0 5f57 0000 0000 0000 0000 3f7f be90  .._W........?...
00000070: bd81 275a faff fdff fffc 0000 0000 0000  ..'Z............
00000080: 0008 ffff ffff ffff ffff ffff ffff ffff  ................
00000090: ffff ffff ffff ffff ffff ffff ffff ffff  ................
000000a0: ffff ffff ffff ffff ffff ffff ffff ffff  ................
000000b0: ffff ffff ffff ffff ffff ffff ffff ffff  ................
000000c0: ffff ffff ffff ffff ffff ffff ffff ffff  ................
000000d0: ffff ffff ffff ffff ffff ffff ffff ffff  ................
000000e0: ffff ffff ffff ffff ffff ffff ffff ffff  ................
000000f0: ffff ffff ffff ffff ffff ffff ffff ffff  ................
00000100: ffff ffff ffff ffff ffff ffff ffff ffff  ................
00000110: 01ff 00ff 3e07 3fff e006 7fff 9806 bfff  ....>.?.........
00000120: 3e06 ffff b705 ffff 02ff 00ff b702 ffff  >...............
00000130: a00b 00ff 8502 ffff 780b 80ff 2b07 80ff  ........x...+...

===== /home/justin/pn2/persist/ndi/controller2imu.eep (492 bytes) =====
00000000: 5043 3136 3130 4e47 4535 3239 3033 3336  PC1610NGE5290336
00000010: 4701 ffff 3f80 3458 b981 f415 3b49 ba62  G...?.4X....;I.b
00000020: 3ac8 caa7 ba73 6d06 3f7f 9fc4 3989 23d4  :....sm.?...9.#.
00000030: 392e 1a78 3b63 77ac ba8c ad3e 3f7f b9f0  9..x;cw....>?...
00000040: 3ba3 e16b 3f80 0311 3911 b1b1 3a84 1561  ;..k?...9...:..a
00000050: 3cdd 9741 0000 0000 3f7f 90ed 39e7 0193  <..A....?...9...
00000060: be47 d000 0000 0000 0000 0000 3f80 07ca  .G..........?...
00000070: bc99 de0c 0100 0000 0004 0000 0000 0000  ................
00000080: 000c ffff ffff ffff ffff ffff ffff ffff  ................
00000090: ffff ffff ffff ffff ffff ffff ffff ffff  ................
000000a0: ffff ffff ffff ffff ffff ffff ffff ffff  ................
000000b0: ffff ffff ffff ffff ffff ffff ffff ffff  ................
000000c0: ffff ffff ffff ffff ffff ffff ffff ffff  ................
000000d0: ffff ffff ffff ffff ffff ffff ffff ffff  ................
000000e0: ffff ffff ffff ffff ffff ffff ffff ffff  ................
000000f0: ffff ffff ffff ffff ffff ffff ffff ffff  ................
00000100: ffff ffff ffff ffff ffff ffff ffff ffff  ................
00000110: 01ff 00ff ef06 3fff 8606 7fff 1a06 bfff  ......?.........
00000120: 9a05 ffff c504 ffff 02ff 00ff 7502 ffff  ............u...
00000130: 990b 00ff 0f02 ffff 050b 80ff 0707 80ff  ................

===== /home/justin/pn2/persist/ndi/controllerbindstate1 (0 bytes) =====

===== /home/justin/pn2/persist/ndi/controllerbindstate2 (0 bytes) =====

===== /home/justin/pn2/persist/ndi/ctr1BleMac (128 bytes) =====
00000000: 4245 f379 4d2c 3247 4539 3134 3032 3433  BE.yM,2GE9140243
00000010: 4700 0000 0000 0000 0000 0000 0000 0000  G...............
00000020: 0000 0000 0000 0000 0000 0000 0000 0000  ................
00000030: 0000 0000 0000 0000 0000 0000 0000 0000  ................
00000040: 0000 0000 0000 0000 0000 0000 0000 0000  ................
00000050: 0000 0000 0000 0000 0000 0000 0000 0000  ................
00000060: 0000 0000 0000 0000 0000 0000 0000 0000  ................
00000070: 0000 0000 0000 0000 0000 0000 0000 0000  ................

===== /home/justin/pn2/persist/ndi/ctr1SN (128 bytes) =====
00000000: 5043 3136 3130 4e47 4539 3134 3032 3433  PC1610NGE9140243
00000010: 4700 0000 0000 0000 0000 0000 0000 0000  G...............
00000020: 0000 0000 0000 0000 0000 0000 0000 0000  ................
00000030: 0000 0000 0000 0000 0000 0000 0000 0000  ................
00000040: 0000 0000 0000 0000 0000 0000 0000 0000  ................
00000050: 0000 0000 0000 0000 0000 0000 0000 0000  ................
00000060: 0000 0000 0000 0000 0000 0000 0000 0000  ................
00000070: 0000 0000 0000 0000 0000 0000 0000 0000  ................

===== /home/justin/pn2/persist/ndi/ctr1Version (128 bytes) =====
00000000: 7376 312e 3130 0000 0000 0000 0000 0000  sv1.10..........
00000010: 0000 0000 0000 0000 0000 0000 0000 0000  ................
00000020: 0000 0000 0000 0000 0000 0000 0000 0000  ................
00000030: 0000 0000 0000 0000 0000 0000 0000 0000  ................
00000040: 0000 0000 0000 0000 0000 0000 0000 0000  ................
00000050: 0000 0000 0000 0000 0000 0000 0000 0000  ................
00000060: 0000 0000 0000 0000 0000 0000 0000 0000  ................
00000070: 0000 0000 0000 0000 0000 0000 0000 0000  ................

===== /home/justin/pn2/persist/ndi/ctr2BleMac (128 bytes) =====
00000000: 1590 f179 4d2c 3247 4535 3239 3033 3336  ...yM,2GE5290336
00000010: 4700 0000 0000 0000 0000 0000 0000 0000  G...............
00000020: 0000 0000 0000 0000 0000 0000 0000 0000  ................
00000030: 0000 0000 0000 0000 0000 0000 0000 0000  ................
00000040: 0000 0000 0000 0000 0000 0000 0000 0000  ................
00000050: 0000 0000 0000 0000 0000 0000 0000 0000  ................
00000060: 0000 0000 0000 0000 0000 0000 0000 0000  ................
00000070: 0000 0000 0000 0000 0000 0000 0000 0000  ................

===== /home/justin/pn2/persist/ndi/ctr2SN (128 bytes) =====
00000000: 5043 3136 3130 4e47 4535 3239 3033 3336  PC1610NGE5290336
00000010: 4700 0000 0000 0000 0000 0000 0000 0000  G...............
00000020: 0000 0000 0000 0000 0000 0000 0000 0000  ................
00000030: 0000 0000 0000 0000 0000 0000 0000 0000  ................
00000040: 0000 0000 0000 0000 0000 0000 0000 0000  ................
00000050: 0000 0000 0000 0000 0000 0000 0000 0000  ................
00000060: 0000 0000 0000 0000 0000 0000 0000 0000  ................
00000070: 0000 0000 0000 0000 0000 0000 0000 0000  ................

===== /home/justin/pn2/persist/ndi/ctr2Version (128 bytes) =====
00000000: 7376 312e 3130 0000 0000 0000 0000 0000  sv1.10..........
00000010: 0000 0000 0000 0000 0000 0000 0000 0000  ................
00000020: 0000 0000 0000 0000 0000 0000 0000 0000  ................
00000030: 0000 0000 0000 0000 0000 0000 0000 0000  ................
00000040: 0000 0000 0000 0000 0000 0000 0000 0000  ................
00000050: 0000 0000 0000 0000 0000 0000 0000 0000  ................
00000060: 0000 0000 0000 0000 0000 0000 0000 0000  ................
00000070: 0000 0000 0000 0000 0000 0000 0000 0000  ................

===== /home/justin/pn2/persist/ndi/left (1 bytes) =====
00000000: 01                                       .

===== /home/justin/pn2/persist/ndi/right (1 bytes) =====
00000000: 02                                       .

===== /home/justin/pn2/persist/ndi/rxcache.eep (1280 bytes) =====
00000000: c376 726e db9d c4d3 5e0f 0998 7718 a8ab  .vrn....^...w...
00000010: aa35 67f9 2232 eabc aac5 9521 ee23 4bbe  .5g."2.....!.#K.
00000020: f461 f44f f824 61e3 f922 23ec 00c5 77e3  .a.O.$a.."#...w.
00000030: 03c7 68dd 120d 9386 528d b157 4194 a809  ..h.....R..WA...
00000040: 84a6 6089 86c1 548c 5095 4251 6cab 2587  ..`...T.P.BQl.%.
00000050: 25f3 e6cf ec6f 01aa af34 e6e2 ba74 65c8  %....o...4...te.
00000060: b4d5 5a77 ac2b 0dd1 b88d d4dd 3f76 41a6  ..Zw.+......?vA.
00000070: c7d9 ac53 c452 8ab8 666e 3a6e a945 cb46  ...S.R..fn:n.E.F
00000080: c8f4 0c13 9926 6f79 e6ff 453b 263c 752f  .....&oy..E;&<u/
00000090: 8d1c 47e4 3dcf bbe3 6ef5 65e0 51d1 d1e6  ..G.=...n.e.Q...
000000a0: 71c3 7574 64cb a021 302d 4ab6 3a5b e9b0  q.utd..!0-J.:[..
000000b0: 03fb 8b62 f739 e2a0 08b8 0d4d d402 ed41  ...b.9.....M...A
000000c0: 0a34 3665 214d 0700 7ff4 0eba 3f0d 1940  .46e!M......?..@
000000d0: d899 d526 b8f7 13a6 4641 ae55 42ef cc1f  ...&....FA.UB...
000000e0: 2969 545f 456b 22dc fc07 7a82 a2b7 1a2a  )iT_Ek"...z....*
000000f0: 0619 0da5 0b84 cdc6 2a51 7842 5c75 4108  ........*QxB\uA.
00000100: 6c9d 9259 4212 3442 5357 5528 fcab ca76  l..YB.4BSWU(...v
00000110: 56e6 8342 8c02 be36 2776 600e 39c3 06d7  V..B...6'v`.9...
00000120: 2b8f 8fd7 a954 f763 4fef 2b3c 228d b14f  +....T.cO.+<"..O
00000130: 9195 b21d 73fe 39b4 5d2f afe2 d0e1 90b9  ....s.9.]/......

===== /home/justin/pn2/persist/ndi/tx1.eep (1280 bytes) =====
00000000: b775 3fb0 8c41 eeb3 90d0 81b8 3e1f ca89  .u?..A......>...
00000010: df7b a72d 18c2 76f3 ae8b 868a 1805 c457  .{.-..v........W
00000020: d7eb 6f70 b11a d4e7 b374 2074 1883 fee9  ..op.....t t....
00000030: e525 3c1f 6095 33aa 28dc 8adf 28b4 5e03  .%<.`.3.(...(.^.
00000040: 207d 2c7e 7cd6 654e 2892 221c 2b1c 13d6   },~|.eN(.".+...
00000050: 1f74 f2e9 3d42 7cdd 48b5 15ce 667a e8ba  .t..=B|.H...fz..
00000060: ecaa 196e 6841 dc09 006d c16c d62b e9a4  ...nhA...m.l.+..
00000070: f946 30f0 6ae0 d7d2 85bb 01c0 b6dd 3ef5  .F0.j.........>.
00000080: 0a26 3363 78c7 13d2 925b 0eae b549 5cf6  .&3cx....[...I\.
00000090: 3bef 3ab6 2173 5006 3f93 85f8 59ef a037  ;.:.!sP.?...Y..7
000000a0: 1c4b f778 dde6 9230 46f9 61df fb85 8fe6  .K.x...0F.a.....
000000b0: f1b8 f709 dbbc aced cb20 dda5 75a0 60c1  ......... ..u.`.
000000c0: 1db9 097a a179 b351 0fa3 8a2c 5cb7 f32c  ...z.y.Q...,\..,
000000d0: d9a7 5709 237a 7ad5 dfbe 2694 2df4 d9a2  ..W.#zz...&.-...
000000e0: 83cd b7f0 5974 962c 6538 1de1 b89e 05cf  ....Yt.,e8......
000000f0: a726 2c9c c63c 7bf4 fc7d 3294 2bf6 61ee  .&,..<{..}2.+.a.
00000100: 2303 a1c7 c50b 7f3d 03e6 48b1 90aa 6eba  #......=..H...n.
00000110: f0f7 e260 5cfa 1e37 c2b9 cdef 192f 2451  ...`\..7...../$Q
00000120: 9557 591e 9e72 8da9 2bd5 4c29 01d9 c8e7  .WY..r..+.L)....
00000130: 68c5 ae75 c853 ae06 c76b b18a 18f2 5a2f  h..u.S...k....Z/

===== /home/justin/pn2/persist/ndi/tx2.eep (1280 bytes) =====
00000000: 211d 3dbe 2b86 e42c a31d b8cb 1270 af8d  !.=.+..,.....p..
00000010: 847a f258 1127 7362 bda8 7330 82de 250d  .z.X.'sb..s0..%.
00000020: 4456 7512 4174 245b 2145 f07c dd6b d402  DVu.At$[!E.|.k..
00000030: d113 7795 f8be 801d 4391 e44f f309 3323  ..w.....C..O..3#
00000040: a400 e002 0e21 8c80 3c52 820a 5e89 4ce3  .....!..<R..^.L.
00000050: 9f13 a545 cd43 d840 55ea 0d62 4ce8 d6ea  ...E.C.@U..bL...
00000060: 845b 0de1 d6b8 efe0 4534 01a5 0450 18a0  .[......E4...P..
00000070: e4e5 8421 807e 836a 6b1e 66a2 0a9c a926  ...!.~.jk.f....&
00000080: 9423 46ac b5a8 6b85 e839 e7d0 c9f2 9148  .#F...k..9.....H
00000090: 203f 018d 5a33 9698 1bb9 ee0b ea1b 26ef   ?..Z3........&.
000000a0: 8a16 c698 089c 27f7 80f6 1ede 12f5 34a2  ......'.......4.
000000b0: cab4 c977 f463 1c06 21cd ac2f c226 7bf1  ...w.c..!../.&{.
000000c0: 8507 82e5 ab10 9e84 2feb d6f1 b80a 967c  ......../......|
000000d0: b34b 0992 ad63 e40e 7727 8df3 15e1 e47d  .K...c..w'.....}
000000e0: 3aa3 1017 85be 4018 d56d 22d0 d09e b0f7  :.....@..m".....
000000f0: b493 15c1 93af 73a5 76cc 3ee4 b93d fc34  ......s.v.>..=.4
00000100: 2045 f8a5 9e86 72f3 62f3 1400 cfac fea8   E....r.b.......
00000110: a9a8 66c7 fb33 5b07 b33f c676 7e87 d76d  ..f..3[..?.v~..m
00000120: 014b 6f19 714a 5608 051e bccf ba17 1a57  .Ko.qJV........W
00000130: 6194 637e 940b 0424 c8dc a886 742b e302  a.c~...$....t+..

############ /persist/vendorhw ############
         6  /home/justin/pn2/persist/vendorhw/pxr/pxr_product
        15  /home/justin/pn2/persist/vendorhw/pxr/pxr_model
===== /home/justin/pn2/persist/vendorhw/pxr/pxr_product =====
A7D10

===== /home/justin/pn2/persist/vendorhw/pxr/pxr_model =====
Pico Neo 2 Eye

