=== file ===
-rwxrwxrwx 1 justin justin 262144 Aug 13 08:23 /mnt/f/PN2Lineage/eyeunit/eye_262144.bin
data
15270bc31a9013cef386deccb8626996  /mnt/f/PN2Lineage/eyeunit/eye_262144.bin
4254823d986ea795aaf5d5532ac7599d21dd7e22a48112a73d744ffd7041c666  /mnt/f/PN2Lineage/eyeunit/eye_262144.bin

=== head 512 ===
00000000: ff00 4c61 7474 6963 6500 6943 4563 7562  ..Lattice.iCEcub
00000010: 6532 2032 3031 372e 3038 2e32 3739 3430  e2 2017.08.27940
00000020: 0050 6172 743a 2069 4345 3430 4c50 314b  .Part: iCE40LP1K
00000030: 2d43 4d34 3900 4461 7465 3a20 4f63 7420  -CM49.Date: Oct 
00000040: 3130 2032 3031 3920 3039 3a34 363a 00ff  10 2019 09:46:..
00000050: 3234 007e aa99 7e51 0001 0592 0020 6201  24.~..~Q..... b.
00000060: 4b72 0090 8200 0011 0001 0100 0000 0000  Kr..............
00000070: 0000 0000 0000 0000 0000 0000 0000 0000  ................
00000080: 0000 0000 0000 0000 0000 0000 0000 0000  ................
00000090: 0000 0000 0000 0000 0000 0000 0000 0000  ................
000000a0: 0000 0000 0000 0000 0000 0000 0000 0000  ................
000000b0: 0000 0000 0000 0000 0000 0000 0000 0000  ................
000000c0: 0000 0000 0000 0000 0000 0000 0000 0000  ................
000000d0: 0000 0000 0000 0000 0000 0000 0000 0000  ................
000000e0: 0040 0500 0000 0000 0000 0000 0000 0000  .@..............
000000f0: 0000 0000 0000 0000 0000 0000 0000 0000  ................
00000100: 0000 0000 0000 0000 0000 0000 8000 0000  ................
00000110: 0000 0000 0000 0000 0000 0000 0000 0000  ................
00000120: 0000 0000 0000 0000 0000 0000 0000 0000  ................
00000130: 0000 0000 0000 0000 0000 0000 0000 0000  ................
00000140: 0000 0000 0000 0000 0000 0000 0000 0000  ................
00000150: 0000 0000 0000 0000 0000 0000 0000 0000  ................
00000160: 0000 0000 0000 0000 0004 0000 0000 0000  ................
00000170: 1000 0000 0000 0040 0000 0000 1000 0000  .......@........
00000180: 0000 0040 0000 0000 0000 0000 0000 0000  ...@............
00000190: 0000 0000 0000 0000 0000 0000 0000 0000  ................
000001a0: 0000 0000 0000 0000 0000 0000 0000 0000  ................
000001b0: 0000 0000 0000 0000 0000 0000 0400 0000  ................
000001c0: 0000 0010 0000 0000 0000 4000 0000 0010  ..........@.....
000001d0: 0000 0000 0000 4000 0000 0000 0300 0000  ......@.........
000001e0: 0000 0000 0000 0000 0000 0000 0000 0000  ................
000001f0: 0000 0000 0000 0000 0000 0000 0000 0000  ................

=== occupancy map: which 4KB blocks contain non-0xFF data? ===
0x000000 - 0x007fff  DATA
0x008000 - 0x03ffff  erased(0xFF)

total non-0xFF bytes: 32294 / 262144 (12.3%)
last non-0xFF byte at offset: 0x007e2a (32298)

=== byte histogram (top 12) ===
 229850 ff
  25777 00
    423 01
    403 80
    350 40
    305 04
    299 02
    291 10
    265 f0
    253 08
    241 20
    214 03

=== printable strings (min 4) ===
Lattice
iCEcube2 2017.08.27940
Part: iCE40LP1K-CM49
Date: Oct 10 2019 09:46:
kEA0
@D0p>`
P@?_
@`_T(
@@< P
@< P
CCo@ 
"Ii`

=== FPGA / toolchain markers ===
Lattice
iCEcube2 2017.08.27940
Part: iCE40LP1K-CM49
(sync-word scan)
Xilinx sync aa995566     not found
Xilinx bus-width bus     not found
Lattice 0xFFFFBDB3       not found
Lattice preamble 7EAA997E found at 0x000053
Altera/Intel 6A6A        not found

=== first 64 bytes of first DATA region (skip leading 0xFF) ===
first non-0xFF at 0x000001
000000  ff 00 4c 61 74 74 69 63 65 00 69 43 45 63 75 62  |..Lattice.iCEcub|
000010  65 32 20 32 30 31 37 2e 30 38 2e 32 37 39 34 30  |e2 2017.08.27940|
000020  00 50 61 72 74 3a 20 69 43 45 34 30 4c 50 31 4b  |.Part: iCE40LP1K|
000030  2d 43 4d 34 39 00 44 61 74 65 3a 20 4f 63 74 20  |-CM49.Date: Oct |
000040  31 30 20 32 30 31 39 20 30 39 3a 34 36 3a 00 ff  |10 2019 09:46:..|
000050  32 34 00 7e aa 99 7e 51 00 01 05 92 00 20 62 01  |24.~..~Q..... b.|
000060  4b 72 00 90 82 00 00 11 00 01 01 00 00 00 00 00  |Kr..............|
000070  00 00 00 00 00 00 00 00 00 00 00 00 00 00 00 00  |................|
000080  00 00 00 00 00 00 00 00 00 00 00 00 00 00 00 00  |................|
000090  00 00 00 00 00 00 00 00 00 00 00 00 00 00 00 00  |................|
DONE
