=== VR test with native portrait 08/13/2026 14:38:13 ===
[14:38:14]    === orientation lines now ===
[14:38:14]    128:#REVERTED ro.surface_flinger.primary_display_orientation=ORIENTATION_90
[14:38:14]    129:#REVERTED ro.sf.hwrotation=90ro.product.device=PICOA7B10
[14:38:14]    
[14:38:14]    rebooting
[14:38:14] rebooting
[14:41:31] boot_completed=1
[14:41:46] wm size: Physical size: 2160x3840
[14:41:46] --- launching VRShell ---
[14:41:58] vrshell pid:   died
[14:41:58] --- pvrservice display info ---
[14:41:58]    Override displayinfo:w=2160 h=3840 fps=72.000008
[14:41:58]    Falcon CV2.Use parameters - lensParameters_falconCV2_eu_us_mode1
[14:41:58]    Override fov value:101.000000
[14:41:58] --- how far did it get ---
[14:41:58]    bypass_presentation = -1
[14:41:58]    mirroring or not lg return
[14:41:58]    Not Initialize Global Configs
[14:41:58]    Initialize Global Configs
[14:41:58]    file is not exist: /sdcard/psmart/phoenix/psmvrapi_config.txt
[14:41:58]    Load file /system/etc/pvr/psmvrapi_config.txt, 1
[14:41:58]    Undefined variable -- iEnableStageLevel
[14:41:58]    Undefined variable -- fCylinderDistortionBoundThreshold
[14:41:58]    Undefined variable -- fCylinderDistortionBoundSetValue
[14:41:58]    DIATW Update Config Parameters From VRService
[14:41:58]    UpdateDisplayInfo predict=(0.000000,0.000000,0.000000,0.000000),0.000000,hasPredictInfo = 0
[14:41:58]    psmvr_UpdateLensAndDisplayInfoFromVRService UpdateLensInfo
[14:41:58]    Fatal signal 11 (SIGSEGV), code 1 (SEGV_MAPERR), fault addr 0x10 in tid 3973 (com.pvr.vrshell), pid 3973 (com.pvr.vrshell)
[14:41:58]    signal 11 (SIGSEGV), code 1 (SEGV_MAPERR), fault addr 0x10
[14:41:58] === done ===
