=== tombstone capture 08/13/2026 14:59:28 ===
[14:59:28] wm size: Physical size: 3840x2160
[14:59:28] device : PICOA7B10
[14:59:28] hwrot  : 90
[14:59:28] tombstones before: dsps lpass modem tombstone_00 tombstone_01 tombstone_02 tombstone_03 tombstone_04 tombstone_05 tombstone_06 tombstone_07 tombstone_08 tombstone_09 tombstone_10 tombstone_11 tombstone_12 tombstone_13 tombstone_14 tombstone_15 tombstone_16 tombstone_17 tombstone_18 tombstone_19 tombstone_20 tombstone_21 tombstone_22 tombstone_23 tombstone_24 tombstone_25 tombstone_26 tombstone_27 tombstone_28 tombstone_29 tombstone_30 tombstone_31 tombstone_32 tombstone_33 tombstone_34 tombstone_35 tombstone_36 tombstone_37 tombstone_38 tombstone_39 tombstone_40 tombstone_41 tombstone_42 tombstone_43 tombstone_44 tombstone_45 tombstone_46 tombstone_47 tombstone_48 tombstone_49 wcnss
[14:59:28] --- launching VRShell ---
[14:59:43] vrshell pid:   died
[14:59:43] --- crash lines from logcat ---
[14:59:43]    08-13 14:59:32.817  4136  4136 F DEBUG   : 
[14:59:43]    08-13 14:59:32.817  4136  4136 F DEBUG   : backtrace:
[14:59:43]    08-13 14:59:32.817  4136  4136 F DEBUG   :       #00 pc 000000000013f370  /apex/com.android.runtime/lib64/libart.so (art_quick_generic_jni_trampoline+176) (BuildId: 305e71e8e3ac3377f1ac1cc192146d00)
[14:59:43]    08-13 14:59:33.167  1371  1371 I Zygote  : Process 4075 exited due to signal 11 (Segmentation fault)
[14:59:43]    08-13 14:59:34.163  1657  1693 D HalDevMgr: onDebugRingBufferDataAvailable
[14:59:43]    08-13 14:59:34.164  1657  2430 D HalDevMgr: onDebugRingBufferDataAvailable
[14:59:43]    08-13 14:59:34.166  1657  2430 D HalDevMgr: onDebugRingBufferDataAvailable
[14:59:43]    08-13 14:59:34.315  1657  2430 D HalDevMgr: onDebugRingBufferDataAvailable
[14:59:43]    08-13 14:59:34.317  1657  2430 D HalDevMgr: onDebugRingBufferDataAvailable
[14:59:43]    08-13 14:59:34.328  1657  2405 D HalDevMgr: onDebugRingBufferDataAvailable
[14:59:43]    08-13 14:59:34.328  1657  2405 D HalDevMgr: onDebugRingBufferDataAvailable
[14:59:43]    08-13 14:59:34.329  1657  1832 D HalDevMgr: onDebugRingBufferDataAvailable
[14:59:43]    08-13 14:59:34.329  1657  1832 D HalDevMgr: onDebugRingBufferDataAvailable
[14:59:43]    08-13 14:59:36.210  1657  2430 D HalDevMgr: onDebugRingBufferDataAvailable
[14:59:43]    08-13 14:59:36.214  1657  2430 D HalDevMgr: onDebugRingBufferDataAvailable
[14:59:43]    08-13 14:59:37.364  1657  2430 D HalDevMgr: onDebugRingBufferDataAvailable
[14:59:43]    08-13 14:59:37.366  1657  2430 D HalDevMgr: onDebugRingBufferDataAvailable
[14:59:43]    08-13 14:59:38.157  1657  2430 D HalDevMgr: onDebugRingBufferDataAvailable
[14:59:43]    08-13 14:59:38.158  1657  1834 D HalDevMgr: onDebugRingBufferDataAvailable
[14:59:43]    08-13 14:59:38.159  1657  1693 D HalDevMgr: onDebugRingBufferDataAvailable
[14:59:43]    08-13 14:59:38.160  1657  1693 D HalDevMgr: onDebugRingBufferDataAvailable
[14:59:43]    08-13 14:59:38.160  1657  2405 D HalDevMgr: onDebugRingBufferDataAvailable
[14:59:43]    08-13 14:59:38.931  1657  2405 D HalDevMgr: onDebugRingBufferDataAvailable
[14:59:43]    08-13 14:59:38.934  1657  2405 D HalDevMgr: onDebugRingBufferDataAvailable
[14:59:43]    08-13 14:59:40.416  1657  1832 D HalDevMgr: onDebugRingBufferDataAvailable
[14:59:43]    08-13 14:59:40.417  1657  1834 D HalDevMgr: onDebugRingBufferDataAvailable
[14:59:43]    08-13 14:59:40.417  1657  1832 D HalDevMgr: onDebugRingBufferDataAvailable
[14:59:43]    08-13 14:59:40.429  1657  1832 D HalDevMgr: onDebugRingBufferDataAvailable
[14:59:43]    08-13 14:59:40.429  1657  2405 D HalDevMgr: onDebugRingBufferDataAvailable
[14:59:43]    08-13 14:59:40.433  1657  2405 D HalDevMgr: onDebugRingBufferDataAvailable
[14:59:43]    08-13 14:59:43.463  1657  1832 D HalDevMgr: onDebugRingBufferDataAvailable
[14:59:43]    08-13 14:59:43.464  1657  1832 D HalDevMgr: onDebugRingBufferDataAvailable
[14:59:43]    08-13 14:59:43.464  1657  1834 D HalDevMgr: onDebugRingBufferDataAvailable
[14:59:43]    08-13 14:59:43.465  1657  2405 D HalDevMgr: onDebugRingBufferDataAvailable
[14:59:43]    08-13 14:59:43.465  1657  2430 D HalDevMgr: onDebugRingBufferDataAvailable
[14:59:43]    08-13 14:59:44.198  1657  1834 D HalDevMgr: onDebugRingBufferDataAvailable
[14:59:43]    08-13 14:59:44.199  1657  2430 D HalDevMgr: onDebugRingBufferDataAvailable
[14:59:43]    08-13 14:59:44.200  1657  1834 D HalDevMgr: onDebugRingBufferDataAvailable
[14:59:43]    08-13 14:59:44.205  1657  1834 D HalDevMgr: onDebugRingBufferDataAvailable
[14:59:43]    08-13 14:59:46.528  1657  1834 D HalDevMgr: onDebugRingBufferDataAvailable
[14:59:43] --- newest tombstone ---
[14:59:43] file: tombstone_14
[14:59:43]    *** *** *** *** *** *** *** *** *** *** *** *** *** *** *** ***
[14:59:43]    LineageOS Version: '17.1-20210808-UNOFFICIAL-'
[14:59:43]    Build fingerprint: 'unknown/unknown/PICOA7B10:10/QQ3A.200805.001/eng.crossg.20210808.163339:userdebug/test-keys'
[14:59:43]    Revision: '0'
[14:59:43]    ABI: 'arm64'
[14:59:43]    Timestamp: 2026-08-13 14:59:32-0400
[14:59:43]    pid: 4075, tid: 4075, name: com.pvr.vrshell  >>> com.pvr.vrshell <<<
[14:59:43]    uid: 1000
[14:59:43]    signal 11 (SIGSEGV), code 1 (SEGV_MAPERR), fault addr 0x10
[14:59:43]    Cause: null pointer dereference
[14:59:43]        x0  0000000000000004  x1  0000000000000007  x2  0000000000000000  x3  c08f3f3333333333
[14:59:43]        x4  000000772bc9f950  x5  0000007fdeeefa98  x6  0000000000000000  x7  0000000000000000
[14:59:43]        x8  ff41c812bb3c5648  x9  ff41c812bb3c5648  x10 00000076a85a34ec  x11 000000000000002f
[14:59:43]        x12 0000000000000000  x13 0000000000000006  x14 0000007fdeeef9a8  x15 0000000000000000
[14:59:43]        x16 0000000000000001  x17 000000772c5c7004  x18 0000000000006574  x19 000000772d46fc00
[14:59:43]        x20 0000000000000000  x21 000000772d46fc00  x22 0000007fdeeefd10  x23 000000769d21e407
[14:59:43]        x24 0000000000000004  x25 000000772d767020  x26 000000772d46fcb0  x27 0000000000000001
[14:59:43]        x28 0000000000000000  x29 0000007fdeeefaa0
[14:59:43]        sp  0000000000000000  lr  00000076a815a364  pc  00000076a815a370
[14:59:43]    
[14:59:43]    backtrace:
[14:59:43]          #00 pc 000000000013f370  /apex/com.android.runtime/lib64/libart.so (art_quick_generic_jni_trampoline+176) (BuildId: 305e71e8e3ac3377f1ac1cc192146d00)
[14:59:43]    
[14:59:43]    stack:
[14:59:43]    
[14:59:43]    memory near x4 ([anon:dalvik-LinearAlloc]):
[14:59:43]        000000772bc9f930 00000b5b00000000 000000000000001e  ....[...........
[14:59:43]        000000772bc9f940 00000076a8150490 00000076a815a2c0  ....v.......v...
[14:59:43]        000000772bc9f950 10000109161ed8d0 00000b5c00000000  ............\...
[14:59:43]        000000772bc9f960 000000000001001f 000000763f0c458c  .........E.?v...
[14:59:43]        000000772bc9f970 00000076a815a2c0 10000109161ed8d0  ....v...........
[14:59:43]        000000772bc9f980 00000b5d00000000 0000000000000020  ....]... .......
[14:59:43]        000000772bc9f990 00000076a8150490 00000076a815a2c0  ....v.......v...
[14:59:43]        000000772bc9f9a0 10000109161ed8d0 00000b5e00000000  ............^...
[14:59:43]        000000772bc9f9b0 0000000000000021 00000076a8150490  !...........v...
[14:59:43]        000000772bc9f9c0 00000076a815a2c0 10000109161ed8d0  ....v...........
[14:59:43]        000000772bc9f9d0 00000b5f00000000 0000000000000022  ...._...".......
[14:59:43]        000000772bc9f9e0 00000076a8150490 00000076a815a2c0  ....v.......v...
[14:59:43]        000000772bc9f9f0 10000109161ed8d0 00000b6000000000  ............`...
[14:59:43]        000000772bc9fa00 0000000000000023 00000076a8150490  #...........v...
[14:59:43]        000000772bc9fa10 00000076a815a2c0 10000109161ed8d0  ....v...........
[14:59:43]        000000772bc9fa20 00000b6100000000 0000000000000024  ....a...$.......
[14:59:43]    
[14:59:43]    memory near x5 ([stack]):
[14:59:43]        0000007fdeeefa78 00000076a815a364 0000000000000028  d...v...(.......
[14:59:43]        0000007fdeeefa88 00000007bb3c5648 000000772bc9f950  HV<.....P..+w...
[14:59:43]        0000007fdeeefa98 0000007fdeef1908 161ed8d000000001  ................
[14:59:43]        0000007fdeeefaa8 00000076a85df000 0000000000000000  ..].v...........
[14:59:43]        0000007fdeeefab8 0000007fdeef0170 000000769ca90000  p...........v...
[14:59:43]        0000007fdeeefac8 0000000000000000 0000000000000000  ................
[14:59:43]        0000007fdeeefad8 4010040140100401 0000000000000000  ...@...@........
[14:59:43]        0000007fdeeefae8 8020080280200802 000000000000001a  .. ... .........
[14:59:43]        0000007fdeeefaf8 0000000000000000 000000772d46fc00  ..........F-w...
[14:59:43]        0000007fdeeefb08 0000007fdeeeff20 000000769d21e407   .........!.v...
[14:59:43]        0000007fdeeefb18 0000000000000000 000000000001ab5c  ........\.......
[14:59:43]        0000007fdeeefb28 0000000000000000 000000772d46fc00  ..........F-w...
[14:59:43]        0000007fdeeefb38 0000007fdeeefd10 000000769d21e407  ..........!.v...
[14:59:43]        0000007fdeeefb48 0000000000000004 000000772d767020  ........ pv-w...
[14:59:43]        0000007fdeeefb58 000000772d46fcb0 0000000000000001  ..F-w...........
[14:59:43]        0000007fdeeefb68 0000000000000000 0000007fdeeefb90  ................
[14:59:43]    
[14:59:43]    memory near x10 (/apex/com.android.runtime/lib64/libart.so):
[14:59:43]        00000076a85a34c8 ---------------- ----------------  ................
[14:59:43]        00000076a85a34d8 ---------------- ----------------  ................
[14:59:43]        00000076a85a34e8 ---------------- ----------------  ................
[14:59:43]        00000076a85a34f8 ---------------- ----------------  ................
[14:59:43]        00000076a85a3508 ---------------- ----------------  ................
[14:59:43]        00000076a85a3518 ---------------- ----------------  ................
[14:59:43]        00000076a85a3528 ---------------- ----------------  ................
[14:59:43]        00000076a85a3538 ---------------- ----------------  ................
[14:59:43]        00000076a85a3548 ---------------- ----------------  ................
[14:59:43]        00000076a85a3558 ---------------- ----------------  ................
[14:59:43]        00000076a85a3568 ---------------- ----------------  ................
[14:59:43]        00000076a85a3578 ---------------- ----------------  ................
[14:59:43]        00000076a85a3588 ---------------- ----------------  ................
[14:59:43]        00000076a85a3598 ---------------- ----------------  ................
[14:59:43]        00000076a85a35a8 ---------------- ----------------  ................
[14:59:43]        00000076a85a35b8 ---------------- ----------------  ................
[14:59:43]    
[14:59:43]    memory near x14 ([stack]):
[14:59:43]        0000007fdeeef988 005c000030303333 3000303000430000  3300..\...C.00.0
[14:59:43]        0000007fdeeef998 ff41c812bb3c5648 0000000000000000  HV<...A.........
[14:59:43]        0000007fdeeef9a8 0000000000000100 0000000000200100  .......... .....
[14:59:43]        0000007fdeeef9b8 000000772d767020 000000772bc9f950   pv-w...P..+w...
[14:59:43]        0000007fdeeef9c8 0000007fdeeefa98 0000000000000007  ................
[14:59:43]        0000007fdeeef9d8 000000772d46fc00 0000000000000004  ..F-w...........
[14:59:43]        0000007fdeeef9e8 c08f3f3333333333 0000007fdeeefa70  33333?..p.......
[14:59:43]        0000007fdeeef9f8 00000076a85a3394 000000763f1d5000  .3Z.v....P.?v...
[14:59:43]        0000007fdeeefa08 000000000000001a 000000772d46fc00  ..........F-w...
[14:59:43]        0000007fdeeefa18 ff41c812bb3c5648 0000000000000001  HV<...A.........
[14:59:43] === done ===
