=== vendor fstab files ===
/home/justin/pn2/vendor/etc/fstab.qcom (4695 bytes)

################ /home/justin/pn2/vendor/etc/fstab.qcom ################
# Copyright (c) 2018, The Linux Foundation. All rights reserved.
#
# Redistribution and use in source and binary forms, with or without
# modification, are permitted provided that the following conditions are
# met:
#     * Redistributions of source code must retain the above copyright
#       notice, this list of conditions and the following disclaimer.
#     * Redistributions in binary form must reproduce the above
#       copyright notice, this list of conditions and the following
#       disclaimer in the documentation and/or other materials provided
#       with the distribution.
#     * Neither the name of The Linux Foundation nor the names of its
#       contributors may be used to endorse or promote products derived
#       from this software without specific prior written permission.
#
# THIS SOFTWARE IS PROVIDED "AS IS" AND ANY EXPRESS OR IMPLIED
# WARRANTIES, INCLUDING, BUT NOT LIMITED TO, THE IMPLIED WARRANTIES OF
# MERCHANTABILITY, FITNESS FOR A PARTICULAR PURPOSE AND NON-INFRINGEMENT
# ARE DISCLAIMED.  IN NO EVENT SHALL THE COPYRIGHT OWNER OR CONTRIBUTORS
# BE LIABLE FOR ANY DIRECT, INDIRECT, INCIDENTAL, SPECIAL, EXEMPLARY, OR
# CONSEQUENTIAL DAMAGES (INCLUDING, BUT NOT LIMITED TO, PROCUREMENT OF
# SUBSTITUTE GOODS OR SERVICES; LOSS OF USE, DATA, OR PROFITS; OR
# BUSINESS INTERRUPTION) HOWEVER CAUSED AND ON ANY THEORY OF LIABILITY,
# WHETHER IN CONTRACT, STRICT LIABILITY, OR TORT (INCLUDING NEGLIGENCE
# OR OTHERWISE) ARISING IN ANY WAY OUT OF THE USE OF THIS SOFTWARE, EVEN
# IF ADVISED OF THE POSSIBILITY OF SUCH DAMAGE.

# Android fstab file.
# The filesystem that contains the filesystem checker binary (typically /system) cannot
# specify MF_CHECK, and must come before any filesystems that do specify MF_CHECK

#TODO: Add 'check' as fs_mgr_flags with data partition.
# Currently we dont have e2fsck compiled. So fs check would failed.

#<src>                                                 <mnt_point>        <type>  <mnt_flags and options>                            <fs_mgr_flags>
/dev/block/bootdevice/by-name/cache                     /cache             ext4    nosuid,noatime,nodev,barrier=1                               wait
#modify by nino for 36820: close FDE for sdm845
#Modify by Pico jesse for bug47752:quota will Limit use of 90% storage size ,remove it
/dev/block/bootdevice/by-name/userdata                  /data              ext4    noatime,nosuid,nodev,barrier=1,noauto_da_alloc,discard wait,check,encryptable=footer
# Add by scm 20190604 for add oem partition start ---
/dev/block/bootdevice/by-name/oem                       /oem               ext4    defaults                                             defaults
# Add by scm 20190604 for add oem partition end ---
/devices/platform/soc/8804000.sdhci/mmc_host*           /storage/sdcard1   vfat    nosuid,nodev                                         wait,voldmanaged=sdcard1:auto,encryptable=footer
/devices/platform/soc/1da4000.ufshc_card/host*          /storage/sdcard1   vfat    nosuid,nodev                                         wait,voldmanaged=sdcard1:auto,encryptable=footer
/dev/block/bootdevice/by-name/modem                     /firmware          vfat    ro,shortname=lower,uid=1000,gid=1000,dmask=227,fmask=337,context=u:object_r:firmware_file:s0 wait
/dev/block/bootdevice/by-name/dsp                       /dsp               ext4    ro,nosuid,nodev,barrier=1                            wait
/dev/block/bootdevice/by-name/persist                   /persist           ext4    noatime,nosuid,nodev,barrier=1                       wait
/dev/block/bootdevice/by-name/bluetooth                 /bt_firmware       vfat    ro,shortname=lower,uid=1002,gid=3002,dmask=227,fmask=337,context=u:object_r:bt_firmware_file:s0 wait
/devices/platform/soc/a600000.ssusb/a600000.dwc3/xhci-hcd.0.auto*     /storage/usbotg    vfat    nosuid,nodev         wait,voldmanaged=usbotg:auto
# Need to have this entry in here even though the mount point itself is no longer needed.
# The update_engine code looks for this entry in order to determine the boot device address
# and fails if it does not find it.
/dev/block/bootdevice/by-name/misc                      /misc              emmc    defaults                                             defaults
/dev/block/zram0                                        none               swap    defaults                                             zramsize=1073741824
/devices/platform/soc/a600000.ssusb/a600000.dwc3/xhci-hcd.*.auto*    /storage/usbotg    vfat    nosuid,nodev    wait,voldmanaged=usbotg:auto
/devices/platform/soc/a800000.ssusb/a800000.dwc3/xhci-hcd.*.auto*    /storage/usbotg    vfat    nosuid,nodev    wait,voldmanaged=usbotg:auto

################ encryption flags found ################
encryptable=footer

################ keymaster / crypto HALs in vendor ################
android.hardware.gatekeeper@1.0-service-qti
android.hardware.keymaster@3.0-service-qti
android.hardware.gatekeeper@1.0-impl-qti.so
android.hardware.keymaster@3.0-impl-qti.so

NOTE: 'ice' = Qualcomm Inline Crypto Engine. A generic Android 10 vold
      often cannot initialise ice FBE against an 8.1 vendor, which hangs
      boot when /data is fresh and has to be encrypted from scratch.
DONE
