=== boot.img header ===
path            /mnt/f/PN2Lineage/images/ota_4.1.3/boot.img (67108864 bytes)
header_version  0
page_size       4096
product name    ''
OS version      8.1.0
security patch  2019-01
kernel          size=13983302 addr=0x00008000
ramdisk         size=1680382 addr=0x01000000
second          size=0 addr=0x00f00000
tags_addr       0x00000100

--- cmdline ---
   console=ttyMSM0,115200n8
   earlycon=msm_geni_serial,0xA84000
   androidboot.hardware=qcom
   androidboot.console=ttyMSM0
   video=vfb:640x400,bpp=32,memsize=3072000
   msm_rtb.filter=0x237
   ehci-hcd.park=3
   lpm_levels.sleep_disabled=1
   service_locator.enable=1
   swiotlb=2048
   androidboot.configfs=true
   androidboot.usbcontroller=a600000.dwc3
   androidboot.selinux=permissive
   buildvariant=user


=== extracted ===
kernel           13983302 bytes  /mnt/f/PN2Lineage/extracted/boot_ota/kernel.bin  magic=1f8b0800
ramdisk           1680382 bytes  /mnt/f/PN2Lineage/extracted/boot_ota/ramdisk.bin  magic=1f8b0800

kernel is gzip; decompressing
  decompressed to kernel.raw (34988040 bytes)
  Linux version 4.9.65-perf+ (scmbuild@build-server-4) (gcc version 4.9.x 20150123 (prerelease) (GCC) ) #1 SMP PREEMPT Fri Apr 9 19:39:42 CST 2021

