=== vendor files matching VR/tracking/eye ===
     11024  /vendor/bin/hw/android.hardware.memtrack@1.0-service
     11024  /vendor/bin/hw/android.hardware.vr@1.0-service
     72516  /vendor/bin/qvrcameratest
     82584  /vendor/bin/qvrcameratest64
     51408  /vendor/bin/qvrcameratseq
     66128  /vendor/bin/qvrcameratseq64
     84500  /vendor/bin/qvrdatalogger
     90528  /vendor/bin/qvrdatalogger64
    133992  /vendor/bin/qvrservicetest
    160496  /vendor/bin/qvrservicetest64
       125  /vendor/etc/init/android.hardware.memtrack@1.0-service.rc
       109  /vendor/etc/init/android.hardware.vr@1.0-service.rc
     98221  /vendor/etc/mixer_paths_qvr.xml
       881  /vendor/etc/permissions/android.hardware.vr.high_performance.xml
      4096  /vendor/etc/pvr
       684  /vendor/etc/pvr/A7B10_B1_main.mci
       684  /vendor/etc/pvr/A7B10_B2_main.mci
       684  /vendor/etc/pvr/A7B10_B3_main.mci
       684  /vendor/etc/pvr/A7B10_main.mci
       684  /vendor/etc/pvr/A7C10_B1_main.mci
       684  /vendor/etc/pvr/A7C10_B2_main.mci
       684  /vendor/etc/pvr/A7C10_B3_main.mci
       684  /vendor/etc/pvr/A7C10_main.mci
       684  /vendor/etc/pvr/A7D10_B1_main.mci
       684  /vendor/etc/pvr/A7D10_B2_main.mci
       684  /vendor/etc/pvr/A7D10_B3_main.mci
       684  /vendor/etc/pvr/A7D10_main.mci
       684  /vendor/etc/pvr/A7G10_main.mci
      1479  /vendor/etc/pvr/init.btmac.sh
      1868  /vendor/etc/pvr/init.factory_reset.sh
       910  /vendor/etc/pvr/init.pico.factory.cmd.sh
      2343  /vendor/etc/pvr/init.pico.sh
     21343  /vendor/etc/pvr/init.picovr.rc
      4662  /vendor/etc/pvr/init.pvr.camera.calibration.sh
      3942  /vendor/etc/pvr/init.pvr.camera.warmstart.sh
      1153  /vendor/etc/pvr/init.pvr.chmod.file.sh
       684  /vendor/etc/pvr/main.mci
     11949  /vendor/etc/pvr/pvr.calibration.qcom.sh
     24607  /vendor/etc/pvr/pvr.calibration2.qcom.sh
       888  /vendor/etc/pvr/pvr.display.check.sh
      9655  /vendor/etc/pvr/pvr.display.fps.sh
      1315  /vendor/etc/pvr/pvr.display.swtich_eb.sh
      1489  /vendor/etc/pvr/pvr.main.mci.check.sh
      9549  /vendor/etc/pvr/pvr.otg.mode.sh
      9549  /vendor/etc/pvr/pvr.preboot.mode.sh
       514  /vendor/etc/pvr/pvr.prop.default.sh
      1439  /vendor/etc/pvr/pvr.update.splash.sh
       403  /vendor/etc/pvr/pvr.vrdisplay.ui.sh
      1084  /vendor/etc/pvr/pxr.ndifirmware.update.sh
      5601  /vendor/etc/pvr/pxr.vendorhw.check.sh
      4096  /vendor/etc/qvr
       591  /vendor/etc/qvr/6dof_config.xml
        44  /vendor/etc/qvr/config.txt
      1260  /vendor/etc/qvr/config_default.txt
        43  /vendor/etc/qvr/qvrservice_config.txt
      8258  /vendor/etc/qvr/qvrservice_config_default.txt
      8293  /vendor/etc/qvr/qvrservice_config_eyetracking.txt
      8293  /vendor/etc/qvr/qvrservice_config_eyetracking60.txt
      8293  /vendor/etc/qvr/qvrservice_config_eyetracking90.txt
      6660  /vendor/etc/qvr/svrapi_config.txt
      6859  /vendor/etc/qvr/svrapi_config_11ad.txt
      5379  /vendor/etc/qvr/svrapi_config_default.txt
      3874  /vendor/etc/sensors/config/sdm845_qvr_ak991x_0.json
      4645  /vendor/etc/sensors/config/sdm845_svr_bma2x2_0.json
      4644  /vendor/etc/sensors/config/sdm845_svr_bmg160_0.json
       197  /vendor/etc/sensors/config/sdm845_svr_llcm.json
    247640  /vendor/lib/camera/com.qti.tuned.liteon_max7366_6dof.bin
    247640  /vendor/lib/camera/com.qti.tuned.liteon_max7366_eyetrack.bin
     24500  /vendor/lib/hw/android.hardware.memtrack@1.0-impl.so
     20364  /vendor/lib/hw/android.hardware.vr@1.0-impl.so
     16240  /vendor/lib/hw/memtrack.sdm845.so
     20484  /vendor/lib/hw/vr.sdm845.so
    156916  /vendor/lib/libOmxEvrcDec.so
     61572  /vendor/lib/libOmxEvrcEnc.so
     16064  /vendor/lib/libpvr.so
    121732  /vendor/lib/libqvrcamera_client.so
     37308  /vendor/lib/libqvrcameraplayback.so
    101244  /vendor/lib/libqvrservice_client.so
    626840  /vendor/lib/libscveObjectTracker.so
     49336  /vendor/lib/libscveObjectTracker_stub.so
     28580  /vendor/lib/libvraudio_client.so
     41540  /vendor/lib/sensors-common-eeprom.pvr.so
     41540  /vendor/lib/sensors-common-imu.pvr.so
     41540  /vendor/lib/sensors-common-ndifpga.pvr.so
     50344  /vendor/lib/sensors-icmxx.pvr.so
     24836  /vendor/lib/sensors-light.pvr.so
    247640  /vendor/lib64/camera/com.qti.tuned.liteon_max7366_6dof.bin
    247640  /vendor/lib64/camera/com.qti.tuned.liteon_max7366_eyetrack.bin
     19232  /vendor/lib64/hw/android.hardware.memtrack@1.0-impl.so
     15168  /vendor/lib64/hw/android.hardware.vr@1.0-impl.so
     11208  /vendor/lib64/hw/memtrack.sdm845.so
     11368  /vendor/lib64/hw/vr.sdm845.so
    195304  /vendor/lib64/libOmxEvrcDec.so
     68240  /vendor/lib64/libOmxEvrcEnc.so
     99016  /vendor/lib64/libnetfilter_conntrack.so
     10856  /vendor/lib64/libpvr.so
    144160  /vendor/lib64/libqvrcamera_client.so
    123544  /vendor/lib64/libqvrservice_client.so
    945304  /vendor/lib64/libscveObjectTracker.so
     48224  /vendor/lib64/libscveObjectTracker_stub.so
     23080  /vendor/lib64/libvraudio_client.so
     36120  /vendor/lib64/sensors-common-eeprom.pvr.so
     36120  /vendor/lib64/sensors-common-imu.pvr.so
     36120  /vendor/lib64/sensors-common-ndifpga.pvr.so
     48960  /vendor/lib64/sensors-icmxx.pvr.so
     23672  /vendor/lib64/sensors-light.pvr.so
