=== persist.bin identity ===
Linux rev 1.0 ext4 filesystem data, UUID=57f8f4bc-abf4-655f-bf67-946fc0f9f25b (extents) (large files)

=== persist root ===
      2   40775 (2)      0   1000    4096  2-Jan-1970 18:01 .
      2   40775 (2)      0   1000    4096  2-Jan-1970 18:01 ..
     11   40700 (2)      0      0    4096 31-Dec-1969 19:00 lost+found
     12  100666 (1)      0      0       1 23-Jun-2026 01:28 Geomagnetic_Switch.txt
     13   40755 (2)      0      0    4096 27-Apr-2020 06:56 calibrationfiles
     15   40777 (2)   1000   1000    4096 16-Jan-1972 05:43 pvr
     18   40755 (2)      0      0    4096 27-Apr-2020 06:56 pxrservice
     20   40755 (2)   1000   1000    4096 31-Dec-1969 19:00 sensors
    130   40700 (2)   1000   1000    4096 31-Dec-1969 19:00 data
    131   40700 (2)   1000   1000    4096 31-Dec-1969 19:00 qti_fp
    132   40755 (2)   1000   1000    4096  5-Jul-2026 20:45 etc
    133   40777 (2)   1000   1000    4096  1-Jul-2026 21:37 ndi
    134   40777 (2)      0      0    4096 31-Dec-1969 19:00 vendorhw
    139   40770 (2)   1000   1000    4096 31-Dec-1969 19:00 drm
    140   40777 (2)   1002   1002    4096  2-Jan-1970 18:00 bluetooth
    141   40770 (2)   1000   1000    4096 31-Dec-1969 19:00 misc
    142   40770 (2)   1000   1000    4096 31-Dec-1969 19:00 alarm
    143   40770 (2)   1000   1000    4096 31-Dec-1969 19:14 time
    144   40770 (2)   1000   1000    4096 31-Dec-1969 19:00 secnvm
    145   40770 (2)   1000   1003    4096 31-Dec-1969 19:00 display
    146   40770 (2)   1013   1013    4096 31-Dec-1969 19:00 vpp
    147   40700 (2)   1000   1000    4096 31-Dec-1969 19:00 rfs
    160   40770 (2)   1000   1000    4096 31-Dec-1969 19:00 hlos_rfs
    163   40777 (2)   1000   1000    4096 23-Jun-2026 09:48 calibration
    166   40770 (2)   1000   1000    4096 31-Dec-1969 19:00 speccfg
    401   40700 (2)   1000   1000    4096 31-Dec-1969 19:01 falcon
    409  100600 (1)   1000   1000      62 31-Dec-1969 19:01 wlan_mac.bin
    421   40700 (2)      0      0    4096 31-Dec-1969 19:05 backup
    680   40700 (2)   1000   1000    4096  2-Jan-1970 18:01 picoconfig


=== persist /pvr ===
     15   40777 (2)   1000   1000    4096 16-Jan-1972 05:43 .
      2   40775 (2)      0   1000    4096  2-Jan-1970 18:01 ..
     16   40775 (2)   1000   1000    4096  1-Jan-1970 00:50 camera
    169  120777 (7)      0      0      36 16-Jan-1972 05:43 psmvrapi_config.txt
    400  100600 (1)   1000   1000       1  5-Jul-2026 20:45 tobstatus
    402   40700 (2)   1000   1000    4096 31-Dec-1969 19:00 businessService
    683   40775 (2)      0      0    4096  2-Jan-1970 18:01 lens


=== persist /pvr/camera  (THE CALIBRATION) ===
     16   40775 (2)   1000   1000    4096  1-Jan-1970 00:50 .
     15   40777 (2)   1000   1000    4096 16-Jan-1972 05:43 ..
     17  100666 (1)      0      0    3574 15-Jun-2020 22:35 device_calibration.xml
    665  100666 (1)      0      0     879 16-Jun-2020 03:57 camera1.merge
    666  100666 (1)      0      0     877 16-Jun-2020 03:57 camera0.merge
    667  100666 (1)      0      0     176 16-Jun-2020 03:57 hwcalibration.merge
    668  100666 (1)      0      0     766  8-Jun-2020 06:43 base.merge
    671  100666 (1)      0      0      66  8-Jun-2020 06:43 xconfig.merge
    672  100777 (1)      0      0      75  8-Jun-2020 06:43 platformtype.merge
    677  100666 (1)      0      0     309  8-Jun-2020 06:43 product.merge
    678  100666 (1)      0      0    2202  8-Jun-2020 06:43 leds.merge
    679  100666 (1)      0      0     266  8-Jun-2020 06:43 lens_config.merge


=== full persist dump ===
         1  Geomagnetic_Switch.txt
       504  backup/pxr_358/IMUParams.txt
        78  backup/qcom_358/ak0991x_0
       131  backup/qcom_358/ak0991x_0.mag
       233  backup/qcom_358/ak0991x_0.mag.config
       181  backup/qcom_358/ak0991x_0.mag.config_2
       222  backup/qcom_358/ak0991x_0_platform
       867  backup/qcom_358/ak0991x_0_platform.config
        95  backup/qcom_358/ak0991x_0_platform.mag
       146  backup/qcom_358/ak0991x_0_platform.mag.fac_cal
       204  backup/qcom_358/ak0991x_0_platform.mag.fac_cal.bias
       510  backup/qcom_358/ak0991x_0_platform.mag.fac_cal.corr_mat
       176  backup/qcom_358/ak0991x_0_platform.orient
       622  backup/qcom_358/ak0991x_0_platform.placement
       160  backup/qcom_358/bma2x2_0
        85  backup/qcom_358/bma2x2_0.accel
       233  backup/qcom_358/bma2x2_0.accel.config
        82  backup/qcom_358/bma2x2_0.md
       230  backup/qcom_358/bma2x2_0.md.config
        84  backup/qcom_358/bma2x2_0.temp
       232  backup/qcom_358/bma2x2_0.temp.config
       304  backup/qcom_358/bma2x2_0_platform
        95  backup/qcom_358/bma2x2_0_platform.accel
       146  backup/qcom_358/bma2x2_0_platform.accel.fac_cal
       204  backup/qcom_358/bma2x2_0_platform.accel.fac_cal.bias
       508  backup/qcom_358/bma2x2_0_platform.accel.fac_cal.corr_mat
       934  backup/qcom_358/bma2x2_0_platform.config
        91  backup/qcom_358/bma2x2_0_platform.md
       201  backup/qcom_358/bma2x2_0_platform.md.config
       174  backup/qcom_358/bma2x2_0_platform.orient
       620  backup/qcom_358/bma2x2_0_platform.placement
        94  backup/qcom_358/bma2x2_0_platform.temp
       142  backup/qcom_358/bma2x2_0_platform.temp.fac_cal
       109  backup/qcom_358/bma2x2_0_platform.temp.fac_cal.bias
       110  backup/qcom_358/bma2x2_0_platform.temp.fac_cal.scale
       119  backup/qcom_358/bmg160_0
        84  backup/qcom_358/bmg160_0.gyro
       232  backup/qcom_358/bmg160_0.gyro.config
        84  backup/qcom_358/bmg160_0.temp
       232  backup/qcom_358/bmg160_0.temp.config
       303  backup/qcom_358/bmg160_0_platform
       934  backup/qcom_358/bmg160_0_platform.config
        94  backup/qcom_358/bmg160_0_platform.gyro
       145  backup/qcom_358/bmg160_0_platform.gyro.fac_cal
       203  backup/qcom_358/bmg160_0_platform.gyro.fac_cal.bias
       507  backup/qcom_358/bmg160_0_platform.gyro.fac_cal.corr_mat
        91  backup/qcom_358/bmg160_0_platform.md
       201  backup/qcom_358/bmg160_0_platform.md.config
       174  backup/qcom_358/bmg160_0_platform.orient
       620  backup/qcom_358/bmg160_0_platform.placement
        94  backup/qcom_358/bmg160_0_platform.temp
       142  backup/qcom_358/bmg160_0_platform.temp.fac_cal
       109  backup/qcom_358/bmg160_0_platform.temp.fac_cal.bias
       110  backup/qcom_358/bmg160_0_platform.temp.fac_cal.scale
       118  backup/qcom_358/bmm150_0
        83  backup/qcom_358/bmm150_0.mag
       231  backup/qcom_358/bmm150_0.mag.config
        84  backup/qcom_358/bmm150_0.temp
       232  backup/qcom_358/bmm150_0.temp.config
       262  backup/qcom_358/bmm150_0_platform
       665  backup/qcom_358/bmm150_0_platform.config
        93  backup/qcom_358/bmm150_0_platform.mag
       144  backup/qcom_358/bmm150_0_platform.mag.fac_cal
       202  backup/qcom_358/bmm150_0_platform.mag.fac_cal.bias
       506  backup/qcom_358/bmm150_0_platform.mag.fac_cal.corr_mat
       174  backup/qcom_358/bmm150_0_platform.orient
       620  backup/qcom_358/bmm150_0_platform.placement
        94  backup/qcom_358/bmm150_0_platform.temp
       142  backup/qcom_358/bmm150_0_platform.temp.fac_cal
       109  backup/qcom_358/bmm150_0_platform.temp.fac_cal.bias
       110  backup/qcom_358/bmm150_0_platform.temp.fac_cal.scale
       123  backup/qcom_358/bmp285_0
        88  backup/qcom_358/bmp285_0.pressure
       236  backup/qcom_358/bmp285_0.pressure.config
        84  backup/qcom_358/bmp285_0.temp
       232  backup/qcom_358/bmp285_0.temp.config
       223  backup/qcom_358/bmp285_0_platform
       596  backup/qcom_358/bmp285_0_platform.config
       620  backup/qcom_358/bmp285_0_platform.placement
        98  backup/qcom_358/bmp285_0_platform.pressure
       146  backup/qcom_358/bmp285_0_platform.pressure.fac_cal
       113  backup/qcom_358/bmp285_0_platform.pressure.fac_cal.bias
       114  backup/qcom_358/bmp285_0_platform.pressure.fac_cal.scale
        94  backup/qcom_358/bmp285_0_platform.temp
       142  backup/qcom_358/bmp285_0_platform.temp.fac_cal
       109  backup/qcom_358/bmp285_0_platform.temp.fac_cal.bias
       110  backup/qcom_358/bmp285_0_platform.temp.fac_cal.scale
        96  backup/qcom_358/bu52053nvx_0_platform
       449  backup/qcom_358/bu52053nvx_0_platform.config
        75  backup/qcom_358/cm3526_0
        82  backup/qcom_358/cm3526_0.uv
       230  backup/qcom_358/cm3526_0.uv.config
       175  backup/qcom_358/cm3526_0_platform
       664  backup/qcom_358/cm3526_0_platform.config
       620  backup/qcom_358/cm3526_0_platform.placement
        92  backup/qcom_358/cm3526_0_platform.uv
       379  backup/qcom_358/cm3526_0_platform.uv.fac_cal
       206  backup/qcom_358/icm206xx_0
        89  backup/qcom_358/icm206xx_0.accel
       237  backup/qcom_358/icm206xx_0.accel.config
        88  backup/qcom_358/icm206xx_0.gyro
       236  backup/qcom_358/icm206xx_0.gyro.config
        86  backup/qcom_358/icm206xx_0.md
       234  backup/qcom_358/icm206xx_0.md.config
        88  backup/qcom_358/icm206xx_0.temp
       236  backup/qcom_358/icm206xx_0.temp.config
       350  backup/qcom_358/icm206xx_0_platform
        99  backup/qcom_358/icm206xx_0_platform.accel
       150  backup/qcom_358/icm206xx_0_platform.accel.fac_cal
       208  backup/qcom_358/icm206xx_0_platform.accel.fac_cal.bias
       512  backup/qcom_358/icm206xx_0_platform.accel.fac_cal.corr_mat
       941  backup/qcom_358/icm206xx_0_platform.config
        98  backup/qcom_358/icm206xx_0_platform.gyro
       149  backup/qcom_358/icm206xx_0_platform.gyro.fac_cal
       207  backup/qcom_358/icm206xx_0_platform.gyro.fac_cal.bias
       511  backup/qcom_358/icm206xx_0_platform.gyro.fac_cal.corr_mat
        95  backup/qcom_358/icm206xx_0_platform.md
       205  backup/qcom_358/icm206xx_0_platform.md.config
       178  backup/qcom_358/icm206xx_0_platform.orient
       624  backup/qcom_358/icm206xx_0_platform.placement
        98  backup/qcom_358/icm206xx_0_platform.temp
       146  backup/qcom_358/icm206xx_0_platform.temp.fac_cal
       113  backup/qcom_358/icm206xx_0_platform.temp.fac_cal.bias
       114  backup/qcom_358/icm206xx_0_platform.temp.fac_cal.scale
       200  backup/qcom_358/lsm6dso_0
        83  backup/qcom_358/lsm6dso_0.accel
       231  backup/qcom_358/lsm6dso_0.accel.config
        82  backup/qcom_358/lsm6dso_0.gyro
       230  backup/qcom_358/lsm6dso_0.gyro.config
        80  backup/qcom_358/lsm6dso_0.md
       228  backup/qcom_358/lsm6dso_0.md.config
        82  backup/qcom_358/lsm6dso_0.temp
       230  backup/qcom_358/lsm6dso_0.temp.config
       121  backup/qcom_358/power
       840  backup/qcom_358/power.gpio
       486  backup/qcom_358/power.gpio.gpio_0
       486  backup/qcom_358/power.gpio.gpio_1
       488  backup/qcom_358/power.gpio.gpio_10
       488  backup/qcom_358/power.gpio.gpio_11
       488  backup/qcom_358/power.gpio.gpio_12
       488  backup/qcom_358/power.gpio.gpio_13
       488  backup/qcom_358/power.gpio.gpio_14
       488  backup/qcom_358/power.gpio.gpio_15
       488  backup/qcom_358/power.gpio.gpio_16
       488  backup/qcom_358/power.gpio.gpio_17
       486  backup/qcom_358/power.gpio.gpio_2
       486  backup/qcom_358/power.gpio.gpio_3
       486  backup/qcom_358/power.gpio.gpio_4
       486  backup/qcom_358/power.gpio.gpio_5
       486  backup/qcom_358/power.gpio.gpio_6
       486  backup/qcom_358/power.gpio.gpio_7
       486  backup/qcom_358/power.gpio.gpio_8
       486  backup/qcom_358/power.gpio.gpio_9
        94  backup/qcom_358/power.island
         0  backup/qcom_358/sensors_registry
       136  backup/qcom_358/shtw2_0
        97  backup/qcom_358/shtw2_0.ambient_temperature
       245  backup/qcom_358/shtw2_0.ambient_temperature.config
        86  backup/qcom_358/shtw2_0.humidity
       188  backup/qcom_358/shtw2_0.humidity.config
       283  backup/qcom_358/shtw2_0_platform
       107  backup/qcom_358/shtw2_0_platform.ambient_temperature
       155  backup/qcom_358/shtw2_0_platform.ambient_temperature.fac_cal
       122  backup/qcom_358/shtw2_0_platform.ambient_temperature.fac_cal.bias
       123  backup/qcom_358/shtw2_0_platform.ambient_temperature.fac_cal.scale
       594  backup/qcom_358/shtw2_0_platform.config
        96  backup/qcom_358/shtw2_0_platform.humidity
       144  backup/qcom_358/shtw2_0_platform.humidity.fac_cal
       111  backup/qcom_358/shtw2_0_platform.humidity.fac_cal.bias
       112  backup/qcom_358/shtw2_0_platform.humidity.fac_cal.scale
       618  backup/qcom_358/shtw2_0_platform.placement
       146  backup/qcom_358/shtw2_0_platform.threshold
       239  backup/qcom_358/sns_amd
       554  backup/qcom_358/sns_basic_gestures
       571  backup/qcom_358/sns_bring_to_ear
       207  backup/qcom_358/sns_cm
       104  backup/qcom_358/sns_device_orient_platform
       473  backup/qcom_358/sns_device_orient_platform.config
      2380  backup/qcom_358/sns_diag_sensor_datatype
       547  backup/qcom_358/sns_distance_bound_speed_for_motion_states
       343  backup/qcom_358/sns_dpc
       334  backup/qcom_358/sns_facing
        84  backup/qcom_358/sns_fmv_platform
       834  backup/qcom_358/sns_fmv_platform.config
        87  backup/qcom_358/sns_geomag_rv
       545  backup/qcom_358/sns_geomag_rv.config
       339  backup/qcom_358/sns_gyro_cal_config
       295  backup/qcom_358/sns_gyro_cal_persist_s0
       204  backup/qcom_358/sns_gyro_cal_persist_s0.bias
       521  backup/qcom_358/sns_gyro_cal_persist_s0.compensation_matrix
       205  backup/qcom_358/sns_gyro_cal_persist_s0.scale_factor
        84  backup/qcom_358/sns_llcm
       111  backup/qcom_358/sns_mag_cal_config
       186  backup/qcom_358/sns_mag_cal_persist_s0c0
       206  backup/qcom_358/sns_mag_cal_persist_s0c0.bias
       342  backup/qcom_358/sns_multishake
       459  backup/qcom_358/sns_pedometer
      9850  backup/qcom_358/sns_reg_config
       299  backup/qcom_358/sns_rmd
        86  backup/qcom_358/sns_rotv_platform
       220  backup/qcom_358/sns_rotv_platform.config
       627  backup/qcom_358/sns_smd
       329  backup/qcom_358/sns_tilt
       135  backup/qcom_358/stk3x1x_0
        95  backup/qcom_358/stk3x1x_0.ambient_light
       243  backup/qcom_358/stk3x1x_0.ambient_light.config
        91  backup/qcom_358/stk3x1x_0.proximity
       239  backup/qcom_358/stk3x1x_0.proximity.config
       171  backup/qcom_358/stk3x1x_0_platform
        95  backup/qcom_358/stk3x1x_0_platform.als
       162  backup/qcom_358/stk3x1x_0_platform.als.fac_cal
       934  backup/qcom_358/stk3x1x_0_platform.config
        94  backup/qcom_358/stk3x1x_0_platform.ps
       179  backup/qcom_358/stk3x1x_0_platform.ps.fac_cal
       220  backup/qcom_358/tmd2725_platform
        93  backup/qcom_358/tmd2725_platform.als
       157  backup/qcom_358/tmd2725_platform.als.fac_cal
       629  backup/qcom_358/tmd2725_platform.coefficient
       934  backup/qcom_358/tmd2725_platform.config
        94  backup/qcom_358/tmd2725_platform.prox
       178  backup/qcom_358/tmd2725_platform.prox.fac_cal
       159  backup/qcom_358/tmx4903
        83  backup/qcom_358/tmx4903.als
       231  backup/qcom_358/tmx4903.als.config
        84  backup/qcom_358/tmx4903.prox
       232  backup/qcom_358/tmx4903.prox.config
        83  backup/qcom_358/tmx4903.rgb
       231  backup/qcom_358/tmx4903.rgb.config
       303  backup/qcom_358/tmx4903_platform
        93  backup/qcom_358/tmx4903_platform.als
       164  backup/qcom_358/tmx4903_platform.als.fac_cal
       934  backup/qcom_358/tmx4903_platform.config
       174  backup/qcom_358/tmx4903_platform.orient
       620  backup/qcom_358/tmx4903_platform.placement
        94  backup/qcom_358/tmx4903_platform.prox
       182  backup/qcom_358/tmx4903_platform.prox.fac_cal
       141  backup/qcom_358/tmx4903_platform.rgb
       550  backup/qcom_358/tmx4903_platform.rgb.fac_cal
       206  backup/qcom_358/tmx4903_platform.rgb.target_val
         9  bluetooth/.bt_nv.bin
         2  bluetooth/macresult
        18  bluetooth/pico_bt_mac
       104  calibration/Bosh/IMUParams.txt
      2775  calibration/Gyrooffset.txt
      2713  calibration/NoCalibParam.txt
      2701  calibration/PC1610DGD9200218G.txt
      2713  calibration/PC1610NGE5290003G.txt
      2724  calibration/PC1610NGE5290336G.txt
      2719  calibration/PC1610NGE6150017G.txt
      2701  calibration/PC1610NGE6150212G.txt
      2727  calibration/PC1610NGE6150374G.txt
      2721  calibration/PC1610NGE6150377G.txt
      2724  calibration/PC1610NGE7150498G.txt
      2703  calibration/PC1610NGE7150718G.txt
      2700  calibration/PC1610NGE7170171G.txt
      2701  calibration/PC1610NGE9140243G.txt
      2700  calibration/TempController_L.txt
      2700  calibration/TempController_R.txt
         6  calibrationfiles/.readme
       684  etc/maincache.mci
         1  falcon/identifying
        17  falcon/sn
      2867  falcon/testResult
       492  ndi/controller1imu.eep
       492  ndi/controller2imu.eep
         0  ndi/controllerbindstate1
         0  ndi/controllerbindstate2
       128  ndi/ctr1BleMac
       128  ndi/ctr1SN
       128  ndi/ctr1Version
       128  ndi/ctr2BleMac
       128  ndi/ctr2SN
       128  ndi/ctr2Version
         1  ndi/left
         1  ndi/right
      1280  ndi/rxcache.eep
      1280  ndi/tx1.eep
      1280  ndi/tx2.eep
         2  picoconfig/countryCode
        13  picoconfig/distributionChannel
       766  pvr/camera/base.merge
       877  pvr/camera/camera0.merge
       879  pvr/camera/camera1.merge
      3574  pvr/camera/device_calibration.xml
       176  pvr/camera/hwcalibration.merge
      2202  pvr/camera/leds.merge
       266  pvr/camera/lens_config.merge
        75  pvr/camera/platformtype.merge
       309  pvr/camera/product.merge
        66  pvr/camera/xconfig.merge
        76  pvr/lens/axisOffset.txt
         1  pvr/tobstatus
       165  pxrservice/airservice_config.xml
         5  rfs/msm/mpss/server_check.txt
        15  rfs/shared/server_info.txt
      4673  sensors/registry/config/8909w_Compal_ak991x_0.json
      5732  sensors/registry/config/8909w_Compal_bmi160_0.json
      2764  sensors/registry/config/8909w_Compal_ltr308_0.json
      4673  sensors/registry/config/8909w_ak991x_0.json
       407  sensors/registry/config/8909w_amd.json
      5732  sensors/registry/config/8909w_bmi160_0.json
      2714  sensors/registry/config/8909w_bmp285_0.json
      2763  sensors/registry/config/8909w_ltr308_0.json
      1455  sensors/registry/config/8909w_pah_8011_0_platform.json
       556  sensors/registry/config/8909w_pah_8011_0_ppg.json
       575  sensors/registry/config/8909w_pah_8011_0_touch.json
       928  sensors/registry/config/ak991x_dri_0.json
      1414  sensors/registry/config/bma2x2_0.json
      1849  sensors/registry/config/bme680_0.json
       988  sensors/registry/config/bmg160_0.json
      1864  sensors/registry/config/bmi160_0.json
       973  sensors/registry/config/bmm150_0.json
      1080  sensors/registry/config/bmp285_0.json
       619  sensors/registry/config/cm3526_0.json
      1991  sensors/registry/config/config_list.txt
       967  sensors/registry/config/default_sensors.json
      1904  sensors/registry/config/icm206xx_0.json
      1868  sensors/registry/config/lsm6ds3_0.json
      1839  sensors/registry/config/lsm6dsm_0.json
      1868  sensors/registry/config/lsm6dso_0.json
       823  sensors/registry/config/ltr308_0_on_change.json
      3837  sensors/registry/config/msm8996_ak9911x_0.json
      2827  sensors/registry/config/msm8996_bmp285_0.json
      2644  sensors/registry/config/msm8996_cm3526_0.json
      5929  sensors/registry/config/msm8996_lsm6ds3_0.json
      5759  sensors/registry/config/msm8996_lsm6dsm_0.json
     12422  sensors/registry/config/msm8996_power_0.json
      2926  sensors/registry/config/msm8996_shtw2_0.json
      4389  sensors/registry/config/msm8996_tmx4903.json
      1580  sensors/registry/config/pah_8011_0_platform.ppg_enable_ex_1.json
      5716  sensors/registry/config/qcs605_bmi160_0.json
       779  sensors/registry/config/sdm710_2p5K_tmx4903.json
       764  sensors/registry/config/sdm710_4K_tmx4903.json
      3890  sensors/registry/config/sdm710_ak991x_0.json
      2758  sensors/registry/config/sdm710_bmp285_0.json
       804  sensors/registry/config/sdm710_bu52053nvx_0.json
      2668  sensors/registry/config/sdm710_cm3526_0.json
      5728  sensors/registry/config/sdm710_hdk_lsm6dso_0.json
      5767  sensors/registry/config/sdm710_lsm6dso_0.json
     14862  sensors/registry/config/sdm710_power_0.json
      3845  sensors/registry/config/sdm710_qrd_ak991x_0.json
      5742  sensors/registry/config/sdm710_qrd_lsm6dso_0.json
      2954  sensors/registry/config/sdm710_shtw2_0.json
      3846  sensors/registry/config/sdm710_tmx4903.json
       755  sensors/registry/config/sdm845_2p5K_tmx4903.json
       740  sensors/registry/config/sdm845_4K_tmx4903.json
      3868  sensors/registry/config/sdm845_ak991x_0.json
      3507  sensors/registry/config/sdm845_bme680_0.json
      3886  sensors/registry/config/sdm845_bmm150_0.json
      2734  sensors/registry/config/sdm845_bmp285_0.json
       804  sensors/registry/config/sdm845_bu52053nvx_0.json
      2654  sensors/registry/config/sdm845_cm3526_0.json
      5979  sensors/registry/config/sdm845_icm206xx_0.json
      5743  sensors/registry/config/sdm845_lsm6dsm_0.json
      5728  sensors/registry/config/sdm845_lsm6dso_0.json
     14830  sensors/registry/config/sdm845_power_0.json
     14809  sensors/registry/config/sdm845_qrd_power_0.json
      3874  sensors/registry/config/sdm845_qvr_ak991x_0.json
      2914  sensors/registry/config/sdm845_shtw2_0.json
      2165  sensors/registry/config/sdm845_stk3x1x_0.json
      4645  sensors/registry/config/sdm845_svr_bma2x2_0.json
      4644  sensors/registry/config/sdm845_svr_bmg160_0.json
       197  sensors/registry/config/sdm845_svr_llcm.json
      2984  sensors/registry/config/sdm845_tmd2725.json
      3822  sensors/registry/config/sdm845_tmx4903.json
       995  sensors/registry/config/shtw2_0.json
       463  sensors/registry/config/sns_amd.json
       902  sensors/registry/config/sns_basic_gestures.json
       922  sensors/registry/config/sns_bring_to_ear.json
       474  sensors/registry/config/sns_cm.json
       923  sensors/registry/config/sns_device_orient.json
      4637  sensors/registry/config/sns_diag_filter.json
       838  sensors/registry/config/sns_distance_bound.json
       628  sensors/registry/config/sns_dpc.json
       600  sensors/registry/config/sns_facing.json
      1404  sensors/registry/config/sns_fmv.json
       898  sensors/registry/config/sns_geomag_rv.json
       625  sensors/registry/config/sns_gyro_cal.json
      3591  sensors/registry/config/sns_heart_rate.json
       306  sensors/registry/config/sns_mag_cal.json
       607  sensors/registry/config/sns_multishake.json
       776  sensors/registry/config/sns_pedometer.json
       568  sensors/registry/config/sns_rmd.json
       528  sensors/registry/config/sns_rotv.json
      1026  sensors/registry/config/sns_smd.json
       555  sensors/registry/config/sns_tilt.json
      1281  sensors/registry/config/sns_tilt_to_wake.json
       660  sensors/registry/config/sns_wrist_pedo.json
      1096  sensors/registry/config/stk3x1x_0.json
      3838  sensors/registry/config/sxr1130_ak991x_0.json
      2712  sensors/registry/config/sxr1130_bmp285_0.json
       782  sensors/registry/config/sxr1130_bu52053nvx_0.json
      2622  sensors/registry/config/sxr1130_cm3526_0.json
      5735  sensors/registry/config/sxr1130_lsm6dso_0.json
     14816  sensors/registry/config/sxr1130_power_0.json
      2908  sensors/registry/config/sxr1130_shtw2_0.json
      3800  sensors/registry/config/sxr1130_tmx4903.json
       984  sensors/registry/config/tmd2725.json
      1493  sensors/registry/config/tmx4903.json
        78  sensors/registry/registry/ak0991x_0
       131  sensors/registry/registry/ak0991x_0.mag
       233  sensors/registry/registry/ak0991x_0.mag.config
       181  sensors/registry/registry/ak0991x_0.mag.config_2
       222  sensors/registry/registry/ak0991x_0_platform
       867  sensors/registry/registry/ak0991x_0_platform.config
        95  sensors/registry/registry/ak0991x_0_platform.mag
       146  sensors/registry/registry/ak0991x_0_platform.mag.fac_cal
       204  sensors/registry/registry/ak0991x_0_platform.mag.fac_cal.bias
       510  sensors/registry/registry/ak0991x_0_platform.mag.fac_cal.corr_mat
       176  sensors/registry/registry/ak0991x_0_platform.orient
       622  sensors/registry/registry/ak0991x_0_platform.placement
       160  sensors/registry/registry/bma2x2_0
        85  sensors/registry/registry/bma2x2_0.accel
       233  sensors/registry/registry/bma2x2_0.accel.config
        82  sensors/registry/registry/bma2x2_0.md
       230  sensors/registry/registry/bma2x2_0.md.config
        84  sensors/registry/registry/bma2x2_0.temp
       232  sensors/registry/registry/bma2x2_0.temp.config
       304  sensors/registry/registry/bma2x2_0_platform
        95  sensors/registry/registry/bma2x2_0_platform.accel
       146  sensors/registry/registry/bma2x2_0_platform.accel.fac_cal
       206  sensors/registry/registry/bma2x2_0_platform.accel.fac_cal.bias
       512  sensors/registry/registry/bma2x2_0_platform.accel.fac_cal.corr_mat
       934  sensors/registry/registry/bma2x2_0_platform.config
        91  sensors/registry/registry/bma2x2_0_platform.md
       201  sensors/registry/registry/bma2x2_0_platform.md.config
       174  sensors/registry/registry/bma2x2_0_platform.orient
       620  sensors/registry/registry/bma2x2_0_platform.placement
        94  sensors/registry/registry/bma2x2_0_platform.temp
       142  sensors/registry/registry/bma2x2_0_platform.temp.fac_cal
       109  sensors/registry/registry/bma2x2_0_platform.temp.fac_cal.bias
       110  sensors/registry/registry/bma2x2_0_platform.temp.fac_cal.scale
       119  sensors/registry/registry/bmg160_0
        84  sensors/registry/registry/bmg160_0.gyro
       232  sensors/registry/registry/bmg160_0.gyro.config
        84  sensors/registry/registry/bmg160_0.temp
       232  sensors/registry/registry/bmg160_0.temp.config
       303  sensors/registry/registry/bmg160_0_platform
       934  sensors/registry/registry/bmg160_0_platform.config
        94  sensors/registry/registry/bmg160_0_platform.gyro
       145  sensors/registry/registry/bmg160_0_platform.gyro.fac_cal
       205  sensors/registry/registry/bmg160_0_platform.gyro.fac_cal.bias
       510  sensors/registry/registry/bmg160_0_platform.gyro.fac_cal.corr_mat
        91  sensors/registry/registry/bmg160_0_platform.md
       201  sensors/registry/registry/bmg160_0_platform.md.config
       174  sensors/registry/registry/bmg160_0_platform.orient
       620  sensors/registry/registry/bmg160_0_platform.placement
        94  sensors/registry/registry/bmg160_0_platform.temp
       142  sensors/registry/registry/bmg160_0_platform.temp.fac_cal
       109  sensors/registry/registry/bmg160_0_platform.temp.fac_cal.bias
       110  sensors/registry/registry/bmg160_0_platform.temp.fac_cal.scale
       118  sensors/registry/registry/bmm150_0
        83  sensors/registry/registry/bmm150_0.mag
       231  sensors/registry/registry/bmm150_0.mag.config
        84  sensors/registry/registry/bmm150_0.temp
       232  sensors/registry/registry/bmm150_0.temp.config
       262  sensors/registry/registry/bmm150_0_platform
       665  sensors/registry/registry/bmm150_0_platform.config
        93  sensors/registry/registry/bmm150_0_platform.mag
       144  sensors/registry/registry/bmm150_0_platform.mag.fac_cal
       202  sensors/registry/registry/bmm150_0_platform.mag.fac_cal.bias
       506  sensors/registry/registry/bmm150_0_platform.mag.fac_cal.corr_mat
       174  sensors/registry/registry/bmm150_0_platform.orient
       620  sensors/registry/registry/bmm150_0_platform.placement
        94  sensors/registry/registry/bmm150_0_platform.temp
       142  sensors/registry/registry/bmm150_0_platform.temp.fac_cal
       109  sensors/registry/registry/bmm150_0_platform.temp.fac_cal.bias
       110  sensors/registry/registry/bmm150_0_platform.temp.fac_cal.scale
       123  sensors/registry/registry/bmp285_0
        88  sensors/registry/registry/bmp285_0.pressure
       236  sensors/registry/registry/bmp285_0.pressure.config
        84  sensors/registry/registry/bmp285_0.temp
       232  sensors/registry/registry/bmp285_0.temp.config
       223  sensors/registry/registry/bmp285_0_platform
       596  sensors/registry/registry/bmp285_0_platform.config
       620  sensors/registry/registry/bmp285_0_platform.placement
        98  sensors/registry/registry/bmp285_0_platform.pressure
       146  sensors/registry/registry/bmp285_0_platform.pressure.fac_cal
       113  sensors/registry/registry/bmp285_0_platform.pressure.fac_cal.bias
       114  sensors/registry/registry/bmp285_0_platform.pressure.fac_cal.scale
        94  sensors/registry/registry/bmp285_0_platform.temp
       142  sensors/registry/registry/bmp285_0_platform.temp.fac_cal
       109  sensors/registry/registry/bmp285_0_platform.temp.fac_cal.bias
       110  sensors/registry/registry/bmp285_0_platform.temp.fac_cal.scale
        96  sensors/registry/registry/bu52053nvx_0_platform
       449  sensors/registry/registry/bu52053nvx_0_platform.config
        75  sensors/registry/registry/cm3526_0
        82  sensors/registry/registry/cm3526_0.uv
       230  sensors/registry/registry/cm3526_0.uv.config
       175  sensors/registry/registry/cm3526_0_platform
       664  sensors/registry/registry/cm3526_0_platform.config
       620  sensors/registry/registry/cm3526_0_platform.placement
        92  sensors/registry/registry/cm3526_0_platform.uv
       379  sensors/registry/registry/cm3526_0_platform.uv.fac_cal
       206  sensors/registry/registry/icm206xx_0
        89  sensors/registry/registry/icm206xx_0.accel
       237  sensors/registry/registry/icm206xx_0.accel.config
        88  sensors/registry/registry/icm206xx_0.gyro
       236  sensors/registry/registry/icm206xx_0.gyro.config
        86  sensors/registry/registry/icm206xx_0.md
       234  sensors/registry/registry/icm206xx_0.md.config
        88  sensors/registry/registry/icm206xx_0.temp
       236  sensors/registry/registry/icm206xx_0.temp.config
       350  sensors/registry/registry/icm206xx_0_platform
        99  sensors/registry/registry/icm206xx_0_platform.accel
       150  sensors/registry/registry/icm206xx_0_platform.accel.fac_cal
       208  sensors/registry/registry/icm206xx_0_platform.accel.fac_cal.bias
       512  sensors/registry/registry/icm206xx_0_platform.accel.fac_cal.corr_mat
       941  sensors/registry/registry/icm206xx_0_platform.config
        98  sensors/registry/registry/icm206xx_0_platform.gyro
       149  sensors/registry/registry/icm206xx_0_platform.gyro.fac_cal
       207  sensors/registry/registry/icm206xx_0_platform.gyro.fac_cal.bias
       511  sensors/registry/registry/icm206xx_0_platform.gyro.fac_cal.corr_mat
        95  sensors/registry/registry/icm206xx_0_platform.md
       205  sensors/registry/registry/icm206xx_0_platform.md.config
       178  sensors/registry/registry/icm206xx_0_platform.orient
       624  sensors/registry/registry/icm206xx_0_platform.placement
        98  sensors/registry/registry/icm206xx_0_platform.temp
       146  sensors/registry/registry/icm206xx_0_platform.temp.fac_cal
       113  sensors/registry/registry/icm206xx_0_platform.temp.fac_cal.bias
       114  sensors/registry/registry/icm206xx_0_platform.temp.fac_cal.scale
       200  sensors/registry/registry/lsm6dso_0
        83  sensors/registry/registry/lsm6dso_0.accel
       231  sensors/registry/registry/lsm6dso_0.accel.config
        82  sensors/registry/registry/lsm6dso_0.gyro
       230  sensors/registry/registry/lsm6dso_0.gyro.config
        80  sensors/registry/registry/lsm6dso_0.md
       228  sensors/registry/registry/lsm6dso_0.md.config
        82  sensors/registry/registry/lsm6dso_0.temp
       230  sensors/registry/registry/lsm6dso_0.temp.config
       121  sensors/registry/registry/power
       840  sensors/registry/registry/power.gpio
       486  sensors/registry/registry/power.gpio.gpio_0
       486  sensors/registry/registry/power.gpio.gpio_1
       488  sensors/registry/registry/power.gpio.gpio_10
       488  sensors/registry/registry/power.gpio.gpio_11
       488  sensors/registry/registry/power.gpio.gpio_12
       488  sensors/registry/registry/power.gpio.gpio_13
       488  sensors/registry/registry/power.gpio.gpio_14
       488  sensors/registry/registry/power.gpio.gpio_15
       488  sensors/registry/registry/power.gpio.gpio_16
       488  sensors/registry/registry/power.gpio.gpio_17
       486  sensors/registry/registry/power.gpio.gpio_2
       486  sensors/registry/registry/power.gpio.gpio_3
       486  sensors/registry/registry/power.gpio.gpio_4
       486  sensors/registry/registry/power.gpio.gpio_5
       486  sensors/registry/registry/power.gpio.gpio_6
       486  sensors/registry/registry/power.gpio.gpio_7
       486  sensors/registry/registry/power.gpio.gpio_8
       486  sensors/registry/registry/power.gpio.gpio_9
        94  sensors/registry/registry/power.island
         0  sensors/registry/registry/sensors_registry
       136  sensors/registry/registry/shtw2_0
        97  sensors/registry/registry/shtw2_0.ambient_temperature
       245  sensors/registry/registry/shtw2_0.ambient_temperature.config
        86  sensors/registry/registry/shtw2_0.humidity
       188  sensors/registry/registry/shtw2_0.humidity.config
       283  sensors/registry/registry/shtw2_0_platform
       107  sensors/registry/registry/shtw2_0_platform.ambient_temperature
       155  sensors/registry/registry/shtw2_0_platform.ambient_temperature.fac_cal
       122  sensors/registry/registry/shtw2_0_platform.ambient_temperature.fac_cal.bias
       123  sensors/registry/registry/shtw2_0_platform.ambient_temperature.fac_cal.scale
       594  sensors/registry/registry/shtw2_0_platform.config
        96  sensors/registry/registry/shtw2_0_platform.humidity
       144  sensors/registry/registry/shtw2_0_platform.humidity.fac_cal
       111  sensors/registry/registry/shtw2_0_platform.humidity.fac_cal.bias
       112  sensors/registry/registry/shtw2_0_platform.humidity.fac_cal.scale
       618  sensors/registry/registry/shtw2_0_platform.placement
       146  sensors/registry/registry/shtw2_0_platform.threshold
       239  sensors/registry/registry/sns_amd
       554  sensors/registry/registry/sns_basic_gestures
       571  sensors/registry/registry/sns_bring_to_ear
       207  sensors/registry/registry/sns_cm
       104  sensors/registry/registry/sns_device_orient_platform
       473  sensors/registry/registry/sns_device_orient_platform.config
      2380  sensors/registry/registry/sns_diag_sensor_datatype
       547  sensors/registry/registry/sns_distance_bound_speed_for_motion_states
       343  sensors/registry/registry/sns_dpc
       334  sensors/registry/registry/sns_facing
        84  sensors/registry/registry/sns_fmv_platform
       834  sensors/registry/registry/sns_fmv_platform.config
        87  sensors/registry/registry/sns_geomag_rv
       545  sensors/registry/registry/sns_geomag_rv.config
       339  sensors/registry/registry/sns_gyro_cal_config
       303  sensors/registry/registry/sns_gyro_cal_persist_s0
       214  sensors/registry/registry/sns_gyro_cal_persist_s0.bias
       548  sensors/registry/registry/sns_gyro_cal_persist_s0.compensation_matrix
       214  sensors/registry/registry/sns_gyro_cal_persist_s0.scale_factor
        84  sensors/registry/registry/sns_llcm
       111  sensors/registry/registry/sns_mag_cal_config
       193  sensors/registry/registry/sns_mag_cal_persist_s0c0
       215  sensors/registry/registry/sns_mag_cal_persist_s0c0.bias
       342  sensors/registry/registry/sns_multishake
       459  sensors/registry/registry/sns_pedometer
      9850  sensors/registry/registry/sns_reg_config
       299  sensors/registry/registry/sns_rmd
        86  sensors/registry/registry/sns_rotv_platform
       220  sensors/registry/registry/sns_rotv_platform.config
       627  sensors/registry/registry/sns_smd
       329  sensors/registry/registry/sns_tilt
       135  sensors/registry/registry/stk3x1x_0
        95  sensors/registry/registry/stk3x1x_0.ambient_light
       243  sensors/registry/registry/stk3x1x_0.ambient_light.config
        91  sensors/registry/registry/stk3x1x_0.proximity
       239  sensors/registry/registry/stk3x1x_0.proximity.config
       171  sensors/registry/registry/stk3x1x_0_platform
        95  sensors/registry/registry/stk3x1x_0_platform.als
       162  sensors/registry/registry/stk3x1x_0_platform.als.fac_cal
       934  sensors/registry/registry/stk3x1x_0_platform.config
        94  sensors/registry/registry/stk3x1x_0_platform.ps
       179  sensors/registry/registry/stk3x1x_0_platform.ps.fac_cal
       220  sensors/registry/registry/tmd2725_platform
        93  sensors/registry/registry/tmd2725_platform.als
       157  sensors/registry/registry/tmd2725_platform.als.fac_cal
       629  sensors/registry/registry/tmd2725_platform.coefficient
       934  sensors/registry/registry/tmd2725_platform.config
        94  sensors/registry/registry/tmd2725_platform.prox
       178  sensors/registry/registry/tmd2725_platform.prox.fac_cal
       159  sensors/registry/registry/tmx4903
        83  sensors/registry/registry/tmx4903.als
       231  sensors/registry/registry/tmx4903.als.config
        84  sensors/registry/registry/tmx4903.prox
       232  sensors/registry/registry/tmx4903.prox.config
        83  sensors/registry/registry/tmx4903.rgb
       231  sensors/registry/registry/tmx4903.rgb.config
       303  sensors/registry/registry/tmx4903_platform
        93  sensors/registry/registry/tmx4903_platform.als
       164  sensors/registry/registry/tmx4903_platform.als.fac_cal
       934  sensors/registry/registry/tmx4903_platform.config
       174  sensors/registry/registry/tmx4903_platform.orient
       620  sensors/registry/registry/tmx4903_platform.placement
        94  sensors/registry/registry/tmx4903_platform.prox
       182  sensors/registry/registry/tmx4903_platform.prox.fac_cal
       141  sensors/registry/registry/tmx4903_platform.rgb
       550  sensors/registry/registry/tmx4903_platform.rgb.fac_cal
       206  sensors/registry/registry/tmx4903_platform.rgb.target_val
         7  sensors/registry/sns_reg_ctrl
       152  sensors/sensors_list.txt
         0  sensors/sensors_settings
         8  time/ats_1
         8  time/ats_16
         8  time/ats_2
        15  vendorhw/pxr/pxr_model
         6  vendorhw/pxr/pxr_product
        62  wlan_mac.bin
