########## d8k.bin ##########
-rwxrwxrwx 1 justin justin 8192 Aug 13 08:09 d8k.bin
--- distinct byte values present ---
ff 
--- byte histogram (top 6) ---
   8192 ff
--- head 128 ---
00000000: ffff ffff ffff ffff ffff ffff ffff ffff  ................
00000010: ffff ffff ffff ffff ffff ffff ffff ffff  ................
00000020: ffff ffff ffff ffff ffff ffff ffff ffff  ................
00000030: ffff ffff ffff ffff ffff ffff ffff ffff  ................
00000040: ffff ffff ffff ffff ffff ffff ffff ffff  ................
00000050: ffff ffff ffff ffff ffff ffff ffff ffff  ................
00000060: ffff ffff ffff ffff ffff ffff ffff ffff  ................
00000070: ffff ffff ffff ffff ffff ffff ffff ffff  ................
--- tail 64 ---
00001fc0: ffff ffff ffff ffff ffff ffff ffff ffff  ................
00001fd0: ffff ffff ffff ffff ffff ffff ffff ffff  ................
00001fe0: ffff ffff ffff ffff ffff ffff ffff ffff  ................
00001ff0: ffff ffff ffff ffff ffff ffff ffff ffff  ................

########## rb.bin ##########
-rwxrwxrwx 1 justin justin 8192 Aug 13 08:09 rb.bin
--- distinct byte values present ---
ff 
--- byte histogram (top 6) ---
   8192 ff
--- head 128 ---
00000000: ffff ffff ffff ffff ffff ffff ffff ffff  ................
00000010: ffff ffff ffff ffff ffff ffff ffff ffff  ................
00000020: ffff ffff ffff ffff ffff ffff ffff ffff  ................
00000030: ffff ffff ffff ffff ffff ffff ffff ffff  ................
00000040: ffff ffff ffff ffff ffff ffff ffff ffff  ................
00000050: ffff ffff ffff ffff ffff ffff ffff ffff  ................
00000060: ffff ffff ffff ffff ffff ffff ffff ffff  ................
00000070: ffff ffff ffff ffff ffff ffff ffff ffff  ................
--- tail 64 ---
00001fc0: ffff ffff ffff ffff ffff ffff ffff ffff  ................
00001fd0: ffff ffff ffff ffff ffff ffff ffff ffff  ................
00001fe0: ffff ffff ffff ffff ffff ffff ffff ffff  ................
00001ff0: ffff ffff ffff ffff ffff ffff ffff ffff  ................

########## dfull.bin ##########
-rwxrwxrwx 1 justin justin 262144 Aug 13 08:09 dfull.bin
--- distinct byte values present ---
ff 
--- byte histogram (top 6) ---
 262144 ff
--- head 128 ---
00000000: ffff ffff ffff ffff ffff ffff ffff ffff  ................
00000010: ffff ffff ffff ffff ffff ffff ffff ffff  ................
00000020: ffff ffff ffff ffff ffff ffff ffff ffff  ................
00000030: ffff ffff ffff ffff ffff ffff ffff ffff  ................
00000040: ffff ffff ffff ffff ffff ffff ffff ffff  ................
00000050: ffff ffff ffff ffff ffff ffff ffff ffff  ................
00000060: ffff ffff ffff ffff ffff ffff ffff ffff  ................
00000070: ffff ffff ffff ffff ffff ffff ffff ffff  ................
--- tail 64 ---
0003ffc0: ffff ffff ffff ffff ffff ffff ffff ffff  ................
0003ffd0: ffff ffff ffff ffff ffff ffff ffff ffff  ................
0003ffe0: ffff ffff ffff ffff ffff ffff ffff ffff  ................
0003fff0: ffff ffff ffff ffff ffff ffff ffff ffff  ................

########## controller firmware (mybin) ##########
== mybin/FalconCV2Ctrl_sv1.10_Nv0.0.0_20200429_b110.bin (127560 bytes) ==
ARM Cortex-M firmware, initial SP at 0x2000c508, reset at 0x000263c0, NMI at 0x000263c8, HardFault at 0x000263ca, SVCall at 0x000263d2, PendSV at 0x000263d6
00000000: 08c5 0020 c163 0200 c963 0200 cb63 0200  ... .c...c...c..
00000010: cd63 0200 cf63 0200 d163 0200 0000 0000  .c...c...c......
00000020: 0000 0000 0000 0000 0000 0000 d363 0200  .............c..
00000030: d563 0200 0000 0000 d763 0200 d963 0200  .c.......c...c..
00000040: 897d 0200 db63 0200 b583 0200 e97f 0200  .}...c..........
00000050: fd7f 0200 db63 0200 a179 0200 1d7e 0200  .....c...y...~..
--- printable strings ---
(FAFGF"F
HF1F*FCF
QA2F+F
FPFYFBF
H@y2(9
H@xd(4
 ffF@t1
 "nInH
 "iIgH
 "OIKH

== mybin/FalconCV2Ctrl_sv1.10_Nv2.3.4_20200429_b110.bin (329128 bytes) ==
ARM Cortex-M firmware, initial SP at 0x2000c508, reset at 0x000263c0, NMI at 0x000263c8, HardFault at 0x000263ca, SVCall at 0x000263d2, PendSV at 0x000263d6
00000000: 08c5 0020 c163 0200 c963 0200 cb63 0200  ... .c...c...c..
00000010: cd63 0200 cf63 0200 d163 0200 0000 0000  .c...c...c......
00000020: 0000 0000 0000 0000 0000 0000 d363 0200  .............c..
00000030: d563 0200 0000 0000 d763 0200 d963 0200  .c.......c...c..
00000040: 897d 0200 db63 0200 b583 0200 e97f 0200  .}...c..........
00000050: fd7f 0200 db63 0200 a179 0200 1d7e 0200  .....c...y...~..
--- printable strings ---
(FAFGF"F
HF1F*FCF
QA2F+F
FPFYFBF
H@y2(9
H@xd(4
 ffF@t1
 "nInH
 "iIgH
 "OIKH

== mybin/FalconCV2Sta_sv0.66_20200729_b70.bin (77948 bytes) ==
DOS executable (COM), start instruction 0xb8950020 c1630200
00000000: b895 0020 c163 0200 c963 0200 cb63 0200  ... .c...c...c..
00000010: cd63 0200 cf63 0200 d163 0200 0000 0000  .c...c...c......
00000020: 0000 0000 0000 0000 0000 0000 d363 0200  .............c..
00000030: d563 0200 0000 0000 d763 0200 d963 0200  .c.......c...c..
00000040: 117d 0200 db63 0200 3181 0200 db63 0200  .}...c..1....c..
00000050: ad7d 0200 db63 0200 957a 0200 db63 0200  .}...c...z...c..
--- printable strings ---
(FAFGF"F
HF1F*FCF
@ 0I1J
0M0H)`
7e7@@@7
fIfJcKO
+hTOZhJK
[	.J.N!M
$H$O%J
CF:FAF

DONE
