################ lib64/libqvrservice_client.so ################
--- NEEDED ---
0x0000000000000001 (NEEDED)             Shared library: [liblog.so]
0x0000000000000001 (NEEDED)             Shared library: [libcutils.so]
0x0000000000000001 (NEEDED)             Shared library: [libdrm.so]
0x0000000000000001 (NEEDED)             Shared library: [libutils.so]
0x0000000000000001 (NEEDED)             Shared library: [libc++.so]
0x0000000000000001 (NEEDED)             Shared library: [libc.so]
0x0000000000000001 (NEEDED)             Shared library: [libm.so]
0x0000000000000001 (NEEDED)             Shared library: [libdl.so]
--- exported functions ---
_Z12getParamSize25QVRSERVICE_PARAM_NUM_TYPE
_Z12get_next_idxP15sensors_event_ti
_Z16sendByteResponseP9QVRSockethh
_Z16sendDataResponseP9QVRSockethPKci
_Z17sendEmptyResponseP9QVRSocketh
_Z19doSendReceivePacketP9QVRSocketP14QVRSocketPkt_tS2_b
_Z19get_most_recent_idxP15sensors_event_t
_Z19sendIntegerResponseP9QVRSockethi
_Z19updateQVRDebugLeveli
_Z22sendDataResponseWithFdP9QVRSockethPKcii
_Z31doSendEmptyCommandWithIntReturnP9QVRSocketh
_Z8_initMsgP14QVRSocketMsg_tP11sockaddr_unj
_Z9showParamPKc25QVRSERVICE_PARAM_NUM_TYPEPc
_ZN10QVRVersion13qvrGetVersionEv
_ZN10QVRVersion16qvrGetVersionIntEiRiS0_S0_S0_
_ZN10QVRVersion16qvrGetVersionIntEv
_ZN13QVRClientImpl10GetVersionEPjPc
_ZN13QVRClientImpl12GetConnIdNumEv
_ZN13QVRClientImpl12GetServiceFdE23QVRSERVICE_SHARED_FD_IDPiPj
_ZN13QVRClientImpl12UpdateConnIdEv
_ZN13QVRClientImpl13EarlySetParamEPKcS1_
_ZN13QVRClientImpl15InitSharedMemAtE15qvr_ring_buf_idP23qvrservice_shared_mem_t
_ZN13QVRClientImpl15SyncClkRegisterE15QVR_SYNC_CLK_ID
_ZN13QVRClientImpl16CreateConnectionEv
_ZN13QVRClientImpl17SyncClkUnregisterE15QVR_SYNC_CLK_ID
_ZN13QVRClientImpl19CapabilityHandshakeEv
_ZN13QVRClientImpl19RegisterWithServiceEPKc
_ZN13QVRClientImpl21GetServiceFdWithIndexE23QVRSERVICE_SHARED_FD_IDiPiPj
_ZN13QVRClientImpl28NotifyServiceSharedMemUpdateE15qvr_ring_buf_id
_ZN13QVRClientImpl29SendEmptyCommandWithIntReturnEh
_ZN13QVRClientImpl30GetRingBufferLayoutFromServiceE15qvr_ring_buf_idP29qvrservice_ring_buffer_desc_t
_ZN13QVRClientImpl8GetParamEPKc
_ZN13QVRClientImpl8GetParamEPKc25QVRSERVICE_PARAM_NUM_TYPEPc
_ZN13QVRClientImpl8GetParamEPKcPjPc
_ZN13QVRClientImpl8SetParamEPKc25QVRSERVICE_PARAM_NUM_TYPES1_
_ZN13QVRClientImpl8SetParamEPKcS1_
_ZN13QVRClientImplC2EPKcS1_b
_ZN13QVRClientImplD0Ev
_ZN13QVRClientImplD1Ev
_ZN13QVRClientImplD2Ev
_ZN16QVRClientSyncClk16GetClientSyncClkE15QVR_SYNC_CLK_IDP13QVRClientImplb
_ZN16QVRClientSyncClk4TickEmi
_ZN16QVRClientSyncClk4TickEv
_ZN16QVRClientSyncClkC1E15QVR_SYNC_CLK_IDP13QVRClientImplb
_ZN16QVRClientSyncClkC2E15QVR_SYNC_CLK_IDP13QVRClientImplb
_ZN16QVRClientSyncClkD1Ev
_ZN16QVRClientSyncClkD2Ev
_ZN16QVRServiceClient10StopVRModeEv
_ZN16QVRServiceClient11StartVRModeEv
_ZN16QVRServiceClient15GetTrackingModeEP24QVRSERVICE_TRACKING_MODEPj
_ZN16QVRServiceClient15SetTrackingModeE24QVRSERVICE_TRACKING_MODE
_ZN16QVRServiceClient16GetSensorRawDataEPP28qvrservice_sensor_data_raw_t
_ZN16QVRServiceClient17SetThreadPriorityEiii
_ZN16QVRServiceClient21GetSensorTrackingDataEPP33qvrservice_sensor_tracking_data_t
_ZN16QVRServiceClient23SetClientStatusCallbackEPFvPv24QVRSERVICE_CLIENT_STATUSjjES0_
_ZN16QVRServiceClient25SetDisplayInterruptConfigE28QVRSERVICE_DISP_INTERRUPT_IDPvj
_ZN16QVRServiceClient8GetParamEPKcPjPc
_ZN16QVRServiceClient8SetParamEPKcS1_
_ZN16QVRServiceClient9GetVRModeEv
_ZN16QVRServiceClientC1Ev
_ZN16QVRServiceClientC2Ev
_ZN16QVRServiceClientD1Ev
_ZN16QVRServiceClientD2Ev
_ZN19QVRClientConnection10SendPacketEP14QVRSocketPkt_t
_ZN19QVRClientConnection13NetworkThreadEv
_ZN19QVRClientConnection16HandleDataPacketEP14QVRSocketPkt_t
_ZN19QVRClientConnection17SendReceivePacketEP14QVRSocketPkt_tS1_Pi
_ZN19QVRClientConnection19NetworkThreadHelperEPv
_ZN19QVRClientConnection23HandleServiceDisconnectEv
_ZN19QVRClientConnection24ReceivePacketWithTimeoutEP14QVRSocketPkt_tjPi
_ZN19QVRClientConnectionC1EP9QVRSocketP27QVRClientConnectionNotifierPc
_ZN19QVRClientConnectionC2EP9QVRSocketP27QVRClientConnectionNotifierPc
_ZN19QVRClientConnectionD1Ev
_ZN19QVRClientConnectionD2Ev
_ZN20QVRServiceClientImpl10StopVRModeEv
_ZN20QVRServiceClientImpl11StartVRModeEv
_ZN20QVRServiceClientImpl11VsyncThreadEv
_ZN20QVRServiceClientImpl12GetFramePoseEPP14XrFramePoseQTI
_ZN20QVRServiceClientImpl12GetSvrConfigEPjPc
_ZN20QVRServiceClientImpl13GetPluginDataEj19QVRSERVICE_XFER_CMDPcPj
_ZN20QVRServiceClientImpl13GetPointCloudEPP15XrPointCloudQTI
_ZN20QVRServiceClientImpl13SetPluginDataEj19QVRSERVICE_XFER_CMDPKcj
_ZN20QVRServiceClientImpl15GetHwTransformsEPjP26_qvrservice_hw_transform_t
_ZN20QVRServiceClientImpl15GetTrackingModeEP24QVRSERVICE_TRACKING_MODEPj
_ZN20QVRServiceClientImpl15SetTrackingModeE24QVRSERVICE_TRACKING_MODE
_ZN20QVRServiceClientImpl16GetSensorRawDataEPP28qvrservice_sensor_data_raw_t
_ZN20QVRServiceClientImpl17ReleasePointCloudEP15XrPointCloudQTI
_ZN20QVRServiceClientImpl17Set6dofConfigDataEjPKc
_ZN20QVRServiceClientImpl17SetOperatingLevelEP23qvrservice_perf_level_tjPcPj
_ZN20QVRServiceClientImpl17SetPluginDataLockEjb
_ZN20QVRServiceClientImpl17SetThreadPriorityEiii
_ZN20QVRServiceClientImpl17VsyncThreadHelperEPv
_ZN20QVRServiceClientImpl18GetEyeTrackingDataEPP30qvrservice_eye_tracking_data_tlm
_ZN20QVRServiceClientImpl18GetEyeTrackingModeEPjS0_
_ZN20QVRServiceClientImpl18HandleNotificationEPK14QVRSocketPkt_ti
_ZN20QVRServiceClientImpl18SetEyeTrackingModeEj
_ZN20QVRServiceClientImpl19GetHeadTrackingDataEPP31qvrservice_head_tracking_data_t
_ZN20QVRServiceClientImpl19GetPluginDataHandleEPKc
_ZN20QVRServiceClientImpl19InitStaticSharedMemEv
_ZN20QVRServiceClientImpl19QVRPluginData_GetFdEjPKc23QVR_PLUGIN_DATA_FD_MODEPi
_ZN20QVRServiceClientImpl20HandleStatusCallbackEPhj
_ZN20QVRServiceClientImpl21InitDisplayInterruptsEv
_ZN20QVRServiceClientImpl21QVRPluginData_GetDataEjPKcjPcPj
_ZN20QVRServiceClientImpl21QVRPluginData_SetDataEjPKcjS1_j
_ZN20QVRServiceClientImpl22ResetDisplayInterruptsEv
_ZN20QVRServiceClientImpl23GetRingBufferDescriptorE25QVRSERVICE_RING_BUFFER_IDP29qvrservice_ring_buffer_desc_t
_ZN20QVRServiceClientImpl23HandleServiceDisconnectEv
_ZN20QVRServiceClientImpl23QVRPluginData_ReleaseFdEji
_ZN20QVRServiceClientImpl23RegisterForNotificationE30QVRSERVICE_CLIENT_NOTIFICATIONPFvPvS0_S1_jES1_
_ZN20QVRServiceClientImpl23ReleasePluginDataHandleEP14qvrplugin_data
_ZN20QVRServiceClientImpl23SetClientStatusCallbackEPFvPv24QVRSERVICE_CLIENT_STATUSjjES0_
_ZN20QVRServiceClientImpl23SetTransformationMatrixE37QVRSERVICE_TRANSFORMATION_MATRIX_TYPEPf
_ZN20QVRServiceClientImpl25SetDisplayInterruptConfigE28QVRSERVICE_DISP_INTERRUPT_IDPvj
_ZN20QVRServiceClientImpl25SetThreadAttributesByTypeEi22QVRSERVICE_THREAD_TYPE
_ZN20QVRServiceClientImpl26GetEyeTrackingCapabilitiesEPm
_ZN20QVRServiceClientImpl26SendDisplayInterruptConfigE28QVRSERVICE_DISP_INTERRUPT_IDPvj
_ZN20QVRServiceClientImpl26SetDisplayInterruptCaptureE28QVRSERVICE_DISP_INTERRUPT_IDj
_ZN20QVRServiceClientImpl26StopDisplayInterruptThreadEv
_ZN20QVRServiceClientImpl27QVRPluginData_GetMaxFdCountEjPj
_ZN20QVRServiceClientImpl27StartDisplayInterruptThreadEv
_ZN20QVRServiceClientImpl28GetDisplayInterruptTimestampE28QVRSERVICE_DISP_INTERRUPT_IDPP15qvrservice_ts_t
_ZN20QVRServiceClientImpl29GetHistoricalHeadTrackingDataEPP31qvrservice_head_tracking_data_tl
_ZN20QVRServiceClientImpl31QVRPluginData_GetPluginDataInfoEjP17qvr_plugin_info_t
_ZN20QVRServiceClientImpl40ActivatePredictedHeadTrackingPoseElementEPsl
_ZN20QVRServiceClientImpl7ReleaseEv
_ZN20QVRServiceClientImpl8GetParamEPKcPjPc
_ZN20QVRServiceClientImpl8SetParamEPKcS1_
_ZN20QVRServiceClientImpl9GetVRModeEv
_ZN20QVRServiceClientImplC1Ev
_ZN20QVRServiceClientImplC2Ev
_ZN20QVRServiceClientImplD0Ev
_ZN20QVRServiceClientImplD1Ev
_ZN20QVRServiceClientImplD2Ev
_ZN24QVRServiceVsyncInterrupt10DoCallbackEv
_ZN24QVRServiceVsyncInterrupt15EnableInterruptEv
_ZN24QVRServiceVsyncInterrupt16mDRMVsyncEventCBEijjjPv
_ZN24QVRServiceVsyncInterrupt4InitEv
_ZN24QVRServiceVsyncInterrupt9ConfigureEPvj
_ZN24QVRServiceVsyncInterruptC1EP19QVRClientConnectionP15pthread_mutex_ti
_ZN24QVRServiceVsyncInterruptC2EP19QVRClientConnectionP15pthread_mutex_ti
_ZN24QVRServiceVsyncInterruptD0Ev
_ZN24QVRServiceVsyncInterruptD1Ev
_ZN24QVRServiceVsyncInterruptD2Ev
_ZN26QVRServiceDisplayInterrupt10DoCallbackEv
_ZN26QVRServiceDisplayInterrupt15EnableInterruptEv
_ZN26QVRServiceDisplayInterrupt18DoCallbackInternalEm
_ZN26QVRServiceDisplayInterrupt4InitEv
_ZN26QVRServiceDisplayInterrupt5ResetEv
_ZN26QVRServiceDisplayInterrupt9ConfigureEPvj
_ZN26QVRServiceDisplayInterruptC1EiPKcj
_ZN26QVRServiceDisplayInterruptC2EiPKcj
_ZN26QVRServiceDisplayInterruptD0Ev
_ZN26QVRServiceDisplayInterruptD1Ev
_ZN26QVRServiceDisplayInterruptD2Ev
_ZN26QVRServiceLinePtrInterrupt5ResetEv
_ZN26QVRServiceLinePtrInterrupt9ConfigureEPvj
_ZN26QVRServiceLinePtrInterruptC1EP19QVRClientConnectionP15pthread_mutex_ti
_ZN26QVRServiceLinePtrInterruptC2EP19QVRClientConnectionP15pthread_mutex_ti
_ZN6Helper19find_idx_from_valueEPcPK31qvrservice_head_tracking_data_timi
_ZN9QVRSocket10OpenClientEPKci
_ZN9QVRSocket10OpenServerEPKci
_ZN9QVRSocket10SendPacketEP14QVRSocketPkt_t
_ZN9QVRSocket10openSocketEiPKci
_ZN9QVRSocket14nameThatSocketEPKc
_ZN9QVRSocket15GetPacketWithFdEP14QVRSocketPkt_tPi
_ZN9QVRSocket15SendCredentialsEP14QVRSocketPkt_t
_ZN9QVRSocket24GetPacketWithCredentialsEP14QVRSocketPkt_tP5ucred
_ZN9QVRSocket4BindEv
_ZN9QVRSocket4initEiPKci
_ZN9QVRSocket5CloseEv
_ZN9QVRSocket6AcceptEPPS_
_ZN9QVRSocket6ListenEi
_ZN9QVRSocket6SendFdEP14QVRSocketPkt_ti
_ZN9QVRSocket7ConnectEv
_ZN9QVRSocket8ShutdownEv
_ZN9QVRSocket9GetPacketEP14QVRSocketPkt_t
_ZN9QVRSocket9readBytesEPhi
_ZN9QVRSocketC1Ev
_ZN9QVRSocketC2Ev
_ZN9QVRSocketD1Ev
_ZN9QVRSocketD2Ev
_ZNSt3__112basic_stringIcNS_11char_traitsIcEENS_9allocatorIcEEE21__grow_by_and_replaceEmmmmmmPKc
_ZNSt3__112basic_stringIcNS_11char_traitsIcEENS_9allocatorIcEEE6appendEPKcm
_ZNSt3__112basic_stringIcNS_11char_traitsIcEENS_9allocatorIcEEE6assignEPKc
_ZNSt3__112basic_stringIcNS_11char_traitsIcEENS_9allocatorIcEEE7reserveEm
_ZNSt3__113__tree_removeIPNS_16__tree_node_baseIPvEEEEvT_S5_
_ZNSt3__127__tree_balance_after_insertIPNS_16__tree_node_baseIPvEEEEvT_S5_
_ZNSt3__16__treeINS_12__value_typeIiiEENS_19__map_value_compareIiS2_NS_4lessIiEELb1EEENS_9allocatorIS2_EEE14__erase_uniqueIiEEmRKT_
_ZNSt3__16__treeINS_12__value_typeIiiEENS_19__map_value_compareIiS2_NS_4lessIiEELb1EEENS_9allocatorIS2_EEE7destroyEPNS_11__tree_nodeIS2_PvEE
_ZNSt3__1plIcNS_11char_traitsIcEENS_9allocatorIcEEEENS_12basic_stringIT_T0_T1_EES6_RKS9_
getQvrServiceClientInstance
--- count ---
191

################ lib/libqvrservice_client.so ################
--- NEEDED ---
0x00000001 (NEEDED)                     Shared library: [liblog.so]
0x00000001 (NEEDED)                     Shared library: [libcutils.so]
0x00000001 (NEEDED)                     Shared library: [libdrm.so]
0x00000001 (NEEDED)                     Shared library: [libutils.so]
0x00000001 (NEEDED)                     Shared library: [libc++.so]
0x00000001 (NEEDED)                     Shared library: [libc.so]
0x00000001 (NEEDED)                     Shared library: [libm.so]
0x00000001 (NEEDED)                     Shared library: [libdl.so]
--- exported functions ---
_Z12getParamSize25QVRSERVICE_PARAM_NUM_TYPE
_Z12get_next_idxP15sensors_event_ti
_Z16sendByteResponseP9QVRSockethh
_Z16sendDataResponseP9QVRSockethPKci
_Z17sendEmptyResponseP9QVRSocketh
_Z19doSendReceivePacketP9QVRSocketP14QVRSocketPkt_tS2_b
_Z19get_most_recent_idxP15sensors_event_t
_Z19sendIntegerResponseP9QVRSockethi
_Z19updateQVRDebugLeveli
_Z22sendDataResponseWithFdP9QVRSockethPKcii
_Z31doSendEmptyCommandWithIntReturnP9QVRSocketh
_Z8_initMsgP14QVRSocketMsg_tP11sockaddr_uni
_Z9showParamPKc25QVRSERVICE_PARAM_NUM_TYPEPc
_ZN10QVRVersion13qvrGetVersionEv
_ZN10QVRVersion16qvrGetVersionIntEiRiS0_S0_S0_
_ZN10QVRVersion16qvrGetVersionIntEv
_ZN13QVRClientImpl10GetVersionEPjPc
_ZN13QVRClientImpl12GetConnIdNumEv
_ZN13QVRClientImpl12GetServiceFdE23QVRSERVICE_SHARED_FD_IDPiPj
_ZN13QVRClientImpl12UpdateConnIdEv
_ZN13QVRClientImpl13EarlySetParamEPKcS1_
_ZN13QVRClientImpl15InitSharedMemAtE15qvr_ring_buf_idP23qvrservice_shared_mem_t
_ZN13QVRClientImpl15SyncClkRegisterE15QVR_SYNC_CLK_ID
_ZN13QVRClientImpl16CreateConnectionEv
_ZN13QVRClientImpl17SyncClkUnregisterE15QVR_SYNC_CLK_ID
_ZN13QVRClientImpl19CapabilityHandshakeEv
_ZN13QVRClientImpl19RegisterWithServiceEPKc
_ZN13QVRClientImpl21GetServiceFdWithIndexE23QVRSERVICE_SHARED_FD_IDiPiPj
_ZN13QVRClientImpl28NotifyServiceSharedMemUpdateE15qvr_ring_buf_id
_ZN13QVRClientImpl29SendEmptyCommandWithIntReturnEh
_ZN13QVRClientImpl30GetRingBufferLayoutFromServiceE15qvr_ring_buf_idP29qvrservice_ring_buffer_desc_t
_ZN13QVRClientImpl8GetParamEPKc
_ZN13QVRClientImpl8GetParamEPKc25QVRSERVICE_PARAM_NUM_TYPEPc
_ZN13QVRClientImpl8GetParamEPKcPjPc
_ZN13QVRClientImpl8SetParamEPKc25QVRSERVICE_PARAM_NUM_TYPES1_
_ZN13QVRClientImpl8SetParamEPKcS1_
_ZN13QVRClientImplC2EPKcS1_b
_ZN13QVRClientImplD0Ev
_ZN13QVRClientImplD1Ev
_ZN13QVRClientImplD2Ev
_ZN16QVRClientSyncClk16GetClientSyncClkE15QVR_SYNC_CLK_IDP13QVRClientImplb
_ZN16QVRClientSyncClk4TickEv
_ZN16QVRClientSyncClk4TickEyi
_ZN16QVRClientSyncClkC1E15QVR_SYNC_CLK_IDP13QVRClientImplb
_ZN16QVRClientSyncClkC2E15QVR_SYNC_CLK_IDP13QVRClientImplb
_ZN16QVRClientSyncClkD1Ev
_ZN16QVRClientSyncClkD2Ev
_ZN16QVRServiceClient10StopVRModeEv
_ZN16QVRServiceClient11StartVRModeEv
_ZN16QVRServiceClient15GetTrackingModeEP24QVRSERVICE_TRACKING_MODEPj
_ZN16QVRServiceClient15SetTrackingModeE24QVRSERVICE_TRACKING_MODE
_ZN16QVRServiceClient16GetSensorRawDataEPP28qvrservice_sensor_data_raw_t
_ZN16QVRServiceClient17SetThreadPriorityEiii
_ZN16QVRServiceClient21GetSensorTrackingDataEPP33qvrservice_sensor_tracking_data_t
_ZN16QVRServiceClient23SetClientStatusCallbackEPFvPv24QVRSERVICE_CLIENT_STATUSjjES0_
_ZN16QVRServiceClient25SetDisplayInterruptConfigE28QVRSERVICE_DISP_INTERRUPT_IDPvj
_ZN16QVRServiceClient8GetParamEPKcPjPc
_ZN16QVRServiceClient8SetParamEPKcS1_
_ZN16QVRServiceClient9GetVRModeEv
_ZN16QVRServiceClientC1Ev
_ZN16QVRServiceClientC2Ev
_ZN16QVRServiceClientD1Ev
_ZN16QVRServiceClientD2Ev
_ZN19QVRClientConnection10SendPacketEP14QVRSocketPkt_t
_ZN19QVRClientConnection13NetworkThreadEv
_ZN19QVRClientConnection16HandleDataPacketEP14QVRSocketPkt_t
_ZN19QVRClientConnection17SendReceivePacketEP14QVRSocketPkt_tS1_Pi
_ZN19QVRClientConnection19NetworkThreadHelperEPv
_ZN19QVRClientConnection23HandleServiceDisconnectEv
_ZN19QVRClientConnection24ReceivePacketWithTimeoutEP14QVRSocketPkt_tjPi
_ZN19QVRClientConnectionC1EP9QVRSocketP27QVRClientConnectionNotifierPc
_ZN19QVRClientConnectionC2EP9QVRSocketP27QVRClientConnectionNotifierPc
_ZN19QVRClientConnectionD1Ev
_ZN19QVRClientConnectionD2Ev
_ZN20QVRServiceClientImpl10StopVRModeEv
_ZN20QVRServiceClientImpl11StartVRModeEv
_ZN20QVRServiceClientImpl11VsyncThreadEv
_ZN20QVRServiceClientImpl12GetFramePoseEPP14XrFramePoseQTI
_ZN20QVRServiceClientImpl12GetSvrConfigEPjPc
_ZN20QVRServiceClientImpl13GetPluginDataEj19QVRSERVICE_XFER_CMDPcPj
_ZN20QVRServiceClientImpl13GetPointCloudEPP15XrPointCloudQTI
_ZN20QVRServiceClientImpl13SetPluginDataEj19QVRSERVICE_XFER_CMDPKcj
_ZN20QVRServiceClientImpl15GetHwTransformsEPjP26_qvrservice_hw_transform_t
_ZN20QVRServiceClientImpl15GetTrackingModeEP24QVRSERVICE_TRACKING_MODEPj
_ZN20QVRServiceClientImpl15SetTrackingModeE24QVRSERVICE_TRACKING_MODE
_ZN20QVRServiceClientImpl16GetSensorRawDataEPP28qvrservice_sensor_data_raw_t
_ZN20QVRServiceClientImpl17ReleasePointCloudEP15XrPointCloudQTI
_ZN20QVRServiceClientImpl17Set6dofConfigDataEjPKc
_ZN20QVRServiceClientImpl17SetOperatingLevelEP23qvrservice_perf_level_tjPcPj
_ZN20QVRServiceClientImpl17SetPluginDataLockEjb
_ZN20QVRServiceClientImpl17SetThreadPriorityEiii
_ZN20QVRServiceClientImpl17VsyncThreadHelperEPv
_ZN20QVRServiceClientImpl18GetEyeTrackingDataEPP30qvrservice_eye_tracking_data_txy
_ZN20QVRServiceClientImpl18GetEyeTrackingModeEPjS0_
_ZN20QVRServiceClientImpl18HandleNotificationEPK14QVRSocketPkt_ti
_ZN20QVRServiceClientImpl18SetEyeTrackingModeEj
_ZN20QVRServiceClientImpl19GetHeadTrackingDataEPP31qvrservice_head_tracking_data_t
_ZN20QVRServiceClientImpl19GetPluginDataHandleEPKc
_ZN20QVRServiceClientImpl19InitStaticSharedMemEv
_ZN20QVRServiceClientImpl19QVRPluginData_GetFdEjPKc23QVR_PLUGIN_DATA_FD_MODEPi
_ZN20QVRServiceClientImpl20HandleStatusCallbackEPhj
_ZN20QVRServiceClientImpl21InitDisplayInterruptsEv
_ZN20QVRServiceClientImpl21QVRPluginData_GetDataEjPKcjPcPj
_ZN20QVRServiceClientImpl21QVRPluginData_SetDataEjPKcjS1_j
_ZN20QVRServiceClientImpl22ResetDisplayInterruptsEv
_ZN20QVRServiceClientImpl23GetRingBufferDescriptorE25QVRSERVICE_RING_BUFFER_IDP29qvrservice_ring_buffer_desc_t
_ZN20QVRServiceClientImpl23HandleServiceDisconnectEv
_ZN20QVRServiceClientImpl23QVRPluginData_ReleaseFdEji
_ZN20QVRServiceClientImpl23RegisterForNotificationE30QVRSERVICE_CLIENT_NOTIFICATIONPFvPvS0_S1_jES1_
_ZN20QVRServiceClientImpl23ReleasePluginDataHandleEP14qvrplugin_data
_ZN20QVRServiceClientImpl23SetClientStatusCallbackEPFvPv24QVRSERVICE_CLIENT_STATUSjjES0_
_ZN20QVRServiceClientImpl23SetTransformationMatrixE37QVRSERVICE_TRANSFORMATION_MATRIX_TYPEPf
_ZN20QVRServiceClientImpl25SetDisplayInterruptConfigE28QVRSERVICE_DISP_INTERRUPT_IDPvj
_ZN20QVRServiceClientImpl25SetThreadAttributesByTypeEi22QVRSERVICE_THREAD_TYPE
_ZN20QVRServiceClientImpl26GetEyeTrackingCapabilitiesEPy
_ZN20QVRServiceClientImpl26SendDisplayInterruptConfigE28QVRSERVICE_DISP_INTERRUPT_IDPvj
_ZN20QVRServiceClientImpl26SetDisplayInterruptCaptureE28QVRSERVICE_DISP_INTERRUPT_IDj
_ZN20QVRServiceClientImpl26StopDisplayInterruptThreadEv
_ZN20QVRServiceClientImpl27QVRPluginData_GetMaxFdCountEjPj
_ZN20QVRServiceClientImpl27StartDisplayInterruptThreadEv
_ZN20QVRServiceClientImpl28GetDisplayInterruptTimestampE28QVRSERVICE_DISP_INTERRUPT_IDPP15qvrservice_ts_t
_ZN20QVRServiceClientImpl29GetHistoricalHeadTrackingDataEPP31qvrservice_head_tracking_data_tx
_ZN20QVRServiceClientImpl31QVRPluginData_GetPluginDataInfoEjP17qvr_plugin_info_t
_ZN20QVRServiceClientImpl40ActivatePredictedHeadTrackingPoseElementEPsx
_ZN20QVRServiceClientImpl7ReleaseEv
_ZN20QVRServiceClientImpl8GetParamEPKcPjPc
_ZN20QVRServiceClientImpl8SetParamEPKcS1_
_ZN20QVRServiceClientImpl9GetVRModeEv
_ZN20QVRServiceClientImplC1Ev
_ZN20QVRServiceClientImplC2Ev
_ZN20QVRServiceClientImplD0Ev
_ZN20QVRServiceClientImplD1Ev
_ZN20QVRServiceClientImplD2Ev
_ZN24QVRServiceVsyncInterrupt10DoCallbackEv
_ZN24QVRServiceVsyncInterrupt15EnableInterruptEv
_ZN24QVRServiceVsyncInterrupt16mDRMVsyncEventCBEijjjPv
_ZN24QVRServiceVsyncInterrupt4InitEv
_ZN24QVRServiceVsyncInterrupt9ConfigureEPvj
_ZN24QVRServiceVsyncInterruptC1EP19QVRClientConnectionP15pthread_mutex_ti
_ZN24QVRServiceVsyncInterruptC2EP19QVRClientConnectionP15pthread_mutex_ti
_ZN24QVRServiceVsyncInterruptD0Ev
_ZN24QVRServiceVsyncInterruptD1Ev
_ZN24QVRServiceVsyncInterruptD2Ev
_ZN26QVRServiceDisplayInterrupt10DoCallbackEv
_ZN26QVRServiceDisplayInterrupt15EnableInterruptEv
_ZN26QVRServiceDisplayInterrupt18DoCallbackInternalEy
_ZN26QVRServiceDisplayInterrupt4InitEv
_ZN26QVRServiceDisplayInterrupt5ResetEv
_ZN26QVRServiceDisplayInterrupt9ConfigureEPvj
_ZN26QVRServiceDisplayInterruptC1EiPKcj
_ZN26QVRServiceDisplayInterruptC2EiPKcj
_ZN26QVRServiceDisplayInterruptD0Ev
_ZN26QVRServiceDisplayInterruptD1Ev
_ZN26QVRServiceDisplayInterruptD2Ev
_ZN26QVRServiceLinePtrInterrupt5ResetEv
_ZN26QVRServiceLinePtrInterrupt9ConfigureEPvj
_ZN26QVRServiceLinePtrInterruptC1EP19QVRClientConnectionP15pthread_mutex_ti
_ZN26QVRServiceLinePtrInterruptC2EP19QVRClientConnectionP15pthread_mutex_ti
_ZN6Helper19find_idx_from_valueEPcPK31qvrservice_head_tracking_data_tiyi
_ZN9QVRSocket10OpenClientEPKci
_ZN9QVRSocket10OpenServerEPKci
_ZN9QVRSocket10SendPacketEP14QVRSocketPkt_t
_ZN9QVRSocket10openSocketEiPKci
_ZN9QVRSocket14nameThatSocketEPKc
_ZN9QVRSocket15GetPacketWithFdEP14QVRSocketPkt_tPi
_ZN9QVRSocket15SendCredentialsEP14QVRSocketPkt_t
_ZN9QVRSocket24GetPacketWithCredentialsEP14QVRSocketPkt_tP5ucred
_ZN9QVRSocket4BindEv
_ZN9QVRSocket4initEiPKci
_ZN9QVRSocket5CloseEv
_ZN9QVRSocket6AcceptEPPS_
_ZN9QVRSocket6ListenEi
_ZN9QVRSocket6SendFdEP14QVRSocketPkt_ti
_ZN9QVRSocket7ConnectEv
_ZN9QVRSocket8ShutdownEv
_ZN9QVRSocket9GetPacketEP14QVRSocketPkt_t
_ZN9QVRSocket9readBytesEPhi
_ZN9QVRSocketC1Ev
_ZN9QVRSocketC2Ev
_ZN9QVRSocketD1Ev
_ZN9QVRSocketD2Ev
_ZNKSt3__121__basic_string_commonILb1EE20__throw_length_errorEv
_ZNSt3__112basic_stringIcNS_11char_traitsIcEENS_9allocatorIcEEE21__grow_by_and_replaceEjjjjjjPKc
_ZNSt3__112basic_stringIcNS_11char_traitsIcEENS_9allocatorIcEEE6appendEPKcj
_ZNSt3__112basic_stringIcNS_11char_traitsIcEENS_9allocatorIcEEE6assignEPKcj
_ZNSt3__112basic_stringIcNS_11char_traitsIcEENS_9allocatorIcEEE7reserveEj
_ZNSt3__113__tree_removeIPNS_16__tree_node_baseIPvEEEEvT_S5_
_ZNSt3__118__tree_left_rotateIPNS_16__tree_node_baseIPvEEEEvT_
_ZNSt3__119__tree_right_rotateIPNS_16__tree_node_baseIPvEEEEvT_
_ZNSt3__127__tree_balance_after_insertIPNS_16__tree_node_baseIPvEEEEvT_S5_
_ZNSt3__16__treeINS_12__value_typeIiiEENS_19__map_value_compareIiS2_NS_4lessIiEELb1EEENS_9allocatorIS2_EEE12__find_equalIiEERPNS_16__tree_node_baseIPvEERPNS_15__tree_end_nodeISE_EERKT_
_ZNSt3__16__treeINS_12__value_typeIiiEENS_19__map_value_compareIiS2_NS_4lessIiEELb1EEENS_9allocatorIS2_EEE13__move_assignERS9_NS_17integral_constantIbLb1EEE
_ZNSt3__16__treeINS_12__value_typeIiiEENS_19__map_value_compareIiS2_NS_4lessIiEELb1EEENS_9allocatorIS2_EEE14__erase_uniqueIiEEjRKT_
_ZNSt3__16__treeINS_12__value_typeIiiEENS_19__map_value_compareIiS2_NS_4lessIiEELb1EEENS_9allocatorIS2_EEE16__insert_node_atEPNS_15__tree_end_nodeIPNS_16__tree_node_baseIPvEEEERSE_SE_
_ZNSt3__16__treeINS_12__value_typeIiiEENS_19__map_value_compareIiS2_NS_4lessIiEELb1EEENS_9allocatorIS2_EEE25__emplace_unique_key_argsIiJRKNS_21piecewise_construct_tENS_5tupleIJRKiEEENSE_IJEEEEEENS_4pairINS_15__tree_iteratorIS2_PNS_11__tree_nodeIS2_PvEEiEEbEERKT_DpOT0_
_ZNSt3__16__treeINS_12__value_typeIiiEENS_19__map_value_compareIiS2_NS_4lessIiEELb1EEENS_9allocatorIS2_EEE4findIiEENS_15__tree_iteratorIS2_PNS_11__tree_nodeIS2_PvEEiEERKT_
_ZNSt3__16__treeINS_12__value_typeIiiEENS_19__map_value_compareIiS2_NS_4lessIiEELb1EEENS_9allocatorIS2_EEE5eraseENS_21__tree_const_iteratorIS2_PNS_11__tree_nodeIS2_PvEEiEE
_ZNSt3__16__treeINS_12__value_typeIiiEENS_19__map_value_compareIiS2_NS_4lessIiEELb1EEENS_9allocatorIS2_EEE7destroyEPNS_11__tree_nodeIS2_PvEE
_ZNSt3__1plIcNS_11char_traitsIcEENS_9allocatorIcEEEENS_12basic_stringIT_T0_T1_EES6_RKS9_
__adddf3
__aeabi_d2uiz
__aeabi_d2ulz
__aeabi_dadd
__aeabi_ddiv
__aeabi_dmul
__aeabi_drsub
__aeabi_dsub
__aeabi_f2d
__aeabi_i2d
__aeabi_idiv
__aeabi_idiv0
__aeabi_idivmod
__aeabi_l2d
__aeabi_ldiv0
__aeabi_llsl
__aeabi_llsr
__aeabi_ui2d
__aeabi_uidiv
__aeabi_uidivmod
__aeabi_ul2d
__aeabi_uldivmod
__ashldi3
__divdf3
__divdi3
__divsi3
__extendsfdf2
__fixunsdfdi
__fixunsdfsi
__floatdidf
__floatsidf
__floatundidf
__floatunsidf
__gnu_ldivmod_helper
__gnu_uldivmod_helper
__lshrdi3
__muldf3
__subdf3
__udivdi3
__udivsi3
getQvrServiceClientInstance
--- count ---
240

################ lib64/libqvrcamera_client.so ################
--- NEEDED ---
0x0000000000000001 (NEEDED)             Shared library: [liblog.so]
0x0000000000000001 (NEEDED)             Shared library: [libcutils.so]
0x0000000000000001 (NEEDED)             Shared library: [libutils.so]
0x0000000000000001 (NEEDED)             Shared library: [libc++.so]
0x0000000000000001 (NEEDED)             Shared library: [libc.so]
0x0000000000000001 (NEEDED)             Shared library: [libm.so]
0x0000000000000001 (NEEDED)             Shared library: [libdl.so]
--- exported functions ---
_Z12getParamSize25QVRSERVICE_PARAM_NUM_TYPE
_Z15showClientState23QVRCAMERA_CLIENT_STATUS
_Z16sendByteResponseP9QVRSockethh
_Z16sendDataResponseP9QVRSockethPKci
_Z17sendEmptyResponseP9QVRSocketh
_Z19doSendReceivePacketP9QVRSocketP14QVRSocketPkt_tS2_b
_Z19sendIntegerResponseP9QVRSockethi
_Z19updateQVRDebugLeveli
_Z22sendDataResponseWithFdP9QVRSockethPKcii
_Z25nop_qvr_cam_dsp_driver_fnv
_Z31doSendEmptyCommandWithIntReturnP9QVRSocketh
_Z32nop_qvr_cam_dsp_driver_notify_fnii
_Z37nop_qvr_cam_dsp_driver_get_command_fnPcS_j
_Z37nop_qvr_cam_dsp_driver_get_version_fnPci
_Z39nop_qvr_cam_dsp_driver_create_camera_fniPKciiiiib
_Z39nop_qvr_cam_dsp_driver_delete_camera_fnii
_Z39nop_qvr_cam_dsp_driver_forward_block_fni
_Z39nop_qvr_cam_dsp_driver_get_hvx_frame_fniPi
_Z40nop_qvr_cam_dsp_driver_config_tracing_fni
_Z43nop_qvr_cam_dsp_driver_stop_hvx_listener_fni
_Z44nop_qvr_cam_dsp_driver_get_current_qtimer_fnPm
_Z44nop_qvr_cam_dsp_driver_start_hvx_listener_fniPKcim
_Z45nop_qvr_cam_dsp_driver_notified_dsp_client_fnii
_Z45nop_qvr_cam_dsp_driver_set_frame_buffer_fd_fniiPKii
_Z46nop_qvr_cam_dsp_driver_create_camera_client_fnPKcii
_Z46nop_qvr_cam_dsp_driver_delete_camera_client_fni
_Z48nop_qvr_cam_dsp_driver_set_ring_buffer_layout_fniPKji
_Z51nop_qvr_cam_dsp_driver_check_static_ring_buffers_fnPb
_Z7showMsg22QVRCAMERA_MESSAGE_TYPE
_Z8_initMsgP14QVRSocketMsg_tP11sockaddr_unj
_Z9showParamPKc25QVRSERVICE_PARAM_NUM_TYPEPc
_ZN10QVRVersion13qvrGetVersionEv
_ZN10QVRVersion16qvrGetVersionIntEiRiS0_S0_S0_
_ZN10QVRVersion16qvrGetVersionIntEv
_ZN13QVRClientImpl10GetVersionEPjPc
_ZN13QVRClientImpl12GetConnIdNumEv
_ZN13QVRClientImpl12GetServiceFdE23QVRSERVICE_SHARED_FD_IDPiPj
_ZN13QVRClientImpl12UpdateConnIdEv
_ZN13QVRClientImpl13EarlySetParamEPKcS1_
_ZN13QVRClientImpl15InitSharedMemAtE15qvr_ring_buf_idP23qvrservice_shared_mem_t
_ZN13QVRClientImpl15SyncClkRegisterE15QVR_SYNC_CLK_ID
_ZN13QVRClientImpl16CreateConnectionEv
_ZN13QVRClientImpl17SyncClkUnregisterE15QVR_SYNC_CLK_ID
_ZN13QVRClientImpl19CapabilityHandshakeEv
_ZN13QVRClientImpl19RegisterWithServiceEPKc
_ZN13QVRClientImpl21GetServiceFdWithIndexE23QVRSERVICE_SHARED_FD_IDiPiPj
_ZN13QVRClientImpl28NotifyServiceSharedMemUpdateE15qvr_ring_buf_id
_ZN13QVRClientImpl29SendEmptyCommandWithIntReturnEh
_ZN13QVRClientImpl30GetRingBufferLayoutFromServiceE15qvr_ring_buf_idP29qvrservice_ring_buffer_desc_t
_ZN13QVRClientImpl8GetParamEPKc
_ZN13QVRClientImpl8GetParamEPKc25QVRSERVICE_PARAM_NUM_TYPEPc
_ZN13QVRClientImpl8GetParamEPKcPjPc
_ZN13QVRClientImpl8SetParamEPKc25QVRSERVICE_PARAM_NUM_TYPES1_
_ZN13QVRClientImpl8SetParamEPKcS1_
_ZN13QVRClientImplC2EPKcS1_b
_ZN13QVRClientImplD0Ev
_ZN13QVRClientImplD1Ev
_ZN13QVRClientImplD2Ev
_ZN16QVRClientSyncClk16GetClientSyncClkE15QVR_SYNC_CLK_IDP13QVRClientImplb
_ZN16QVRClientSyncClk4TickEmi
_ZN16QVRClientSyncClk4TickEv
_ZN16QVRClientSyncClkC1E15QVR_SYNC_CLK_IDP13QVRClientImplb
_ZN16QVRClientSyncClkC2E15QVR_SYNC_CLK_IDP13QVRClientImplb
_ZN16QVRClientSyncClkD1Ev
_ZN16QVRClientSyncClkD2Ev
_ZN19QVRCameraClientImpl12AttachCameraEPKc
_ZN19QVRCameraClientImpl13ReleaseCameraEh
_ZN19QVRCameraClientImpl16SendNotificationE23QVRCAMERA_CLIENT_STATUS
_ZN19QVRCameraClientImpl17SendReceivePacketER14QVRSocketPkt_t
_ZN19QVRCameraClientImpl17SendReceivePacketER14QVRSocketPkt_tS1_
_ZN19QVRCameraClientImpl17SendReceivePacketER14QVRSocketPkt_thPc
_ZN19QVRCameraClientImpl17SendReceivePacketER14QVRSocketPkt_thPcPi
_ZN19QVRCameraClientImpl18CamDspClientCreateE25QVRSERVICE_DSP_SUBSYSTEMS
_ZN19QVRCameraClientImpl18HandleNotificationEPK14QVRSocketPkt_ti
_ZN19QVRCameraClientImpl18InitRingBufferDataE25QVRSERVICE_RING_BUFFER_ID
_ZN19QVRCameraClientImpl19InitStaticSharedMemEv
_ZN19QVRCameraClientImpl19WriteRingBufferDataE25QVRSERVICE_RING_BUFFER_IDPvj
_ZN19QVRCameraClientImpl22AttachCameraWithParamsEPKcP17_qvr_plugin_parami
_ZN19QVRCameraClientImpl23HandleServiceDisconnectEv
_ZN19QVRCameraClientImpl23SetClientStatusCallbackEPFvPv23QVRCAMERA_CLIENT_STATUSES0_
_ZN19QVRCameraClientImpl29RegisterForClientNotificationE29QVRCAMERA_CLIENT_NOTIFICATIONPFvPvS0_S1_jES1_
_ZN19QVRCameraClientImpl7ReleaseEv
_ZN19QVRCameraClientImpl8GetParamEPKcPjPc
_ZN19QVRCameraClientImplC1EPKc
_ZN19QVRCameraClientImplC2EPKc
_ZN19QVRCameraClientImplD0Ev
_ZN19QVRCameraClientImplD1Ev
_ZN19QVRCameraClientImplD2Ev
_ZN19QVRClientConnection10SendPacketEP14QVRSocketPkt_t
_ZN19QVRClientConnection13NetworkThreadEv
_ZN19QVRClientConnection16HandleDataPacketEP14QVRSocketPkt_t
_ZN19QVRClientConnection17SendReceivePacketEP14QVRSocketPkt_tS1_Pi
_ZN19QVRClientConnection19NetworkThreadHelperEPv
_ZN19QVRClientConnection23HandleServiceDisconnectEv
_ZN19QVRClientConnection24ReceivePacketWithTimeoutEP14QVRSocketPkt_tjPi
_ZN19QVRClientConnectionC1EP9QVRSocketP27QVRClientConnectionNotifierPc
_ZN19QVRClientConnectionC2EP9QVRSocketP27QVRClientConnectionNotifierPc
_ZN19QVRClientConnectionD1Ev
_ZN19QVRClientConnectionD2Ev
_ZN21QVRCameraDeviceClient11BufferSetupEv
_ZN21QVRCameraDeviceClient11GetBufferFdEi
_ZN21QVRCameraDeviceClient11GetParamNumEPKc24QVRCAMERA_PARAM_NUM_TYPEhPc
_ZN21QVRCameraDeviceClient11SetParamNumEPKc24QVRCAMERA_PARAM_NUM_TYPEhS1_
_ZN21QVRCameraDeviceClient12ReleaseFrameEi
_ZN21QVRCameraDeviceClient13GetPropertiesEPK27XrCameraDevicePropertiesQTI
_ZN21QVRCameraDeviceClient13InitSharedMemE15qvr_ring_buf_id
_ZN21QVRCameraDeviceClient13SetCropRegionEjjjjjjjj
_ZN21QVRCameraDeviceClient14GetCameraStateEP23QVRCAMERA_CAMERA_STATUS
_ZN21QVRCameraDeviceClient15ReleaseBufferFdEi
_ZN21QVRCameraDeviceClient15_GetCameraStateEP23QVRCAMERA_CAMERA_STATUS
_ZN21QVRCameraDeviceClient16DspCommandThreadEPv
_ZN21QVRCameraDeviceClient16SendNotificationE23QVRCAMERA_CAMERA_STATUS
_ZN21QVRCameraDeviceClient17CreateCameraOnDspEv
_ZN21QVRCameraDeviceClient18HandleNotificationE22QVRCAMERA_MESSAGE_TYPEjji
_ZN21QVRCameraDeviceClient18SetExposureAndGainEmi
_ZN21QVRCameraDeviceClient21GetCurrentFrameNumberEPi
_ZN21QVRCameraDeviceClient23DeviceStateChangeThreadEPv
_ZN21QVRCameraDeviceClient23DspCommandThreadHandlerEv
_ZN21QVRCameraDeviceClient23SetCameraStatusCallbackEPFvPv23QVRCAMERA_CAMERA_STATUSES0_
_ZN21QVRCameraDeviceClient23SetGammaCorrectionValueEf
_ZN21QVRCameraDeviceClient24DeviceStateChangeHandlerEv
_ZN21QVRCameraDeviceClient24determineFnAndWaitStatusEPi19QVRCAMERA_DROP_MODEPb
_ZN21QVRCameraDeviceClient25GetCameraSensorPropertiesEPK32XrHardwareComponentDescriptorQTIPK27XrCameraSensorPropertiesQTI
_ZN21QVRCameraDeviceClient29RegisterForCameraNotificationE29QVRCAMERA_DEVICE_NOTIFICATIONPFvPvS0_S1_jES1_
_ZN21QVRCameraDeviceClient4StopEv
_ZN21QVRCameraDeviceClient5StartEv
_ZN21QVRCameraDeviceClient8GetFrameEPi20QVRCAMERA_BLOCK_MODE19QVRCAMERA_DROP_MODEP15qvrcamera_frame
_ZN21QVRCameraDeviceClient8GetParamEPKcPjPc
_ZN21QVRCameraDeviceClient8SetParamEPKcS1_
_ZN21QVRCameraDeviceClientC1EP19QVRCameraClientImplPKchbhS3_25QVRSERVICE_DSP_SUBSYSTEMS
_ZN21QVRCameraDeviceClientC2EP19QVRCameraClientImplPKchbhS3_25QVRSERVICE_DSP_SUBSYSTEMS
_ZN21QVRCameraDeviceClientD1Ev
_ZN21QVRCameraDeviceClientD2Ev
_ZN23QVRServiceCamDspWrapper10GetCommandEPcS0_j
_ZN23QVRServiceCamDspWrapper10GetVersionEPci
_ZN23QVRServiceCamDspWrapper11GetHVXFrameEiPi
_ZN23QVRServiceCamDspWrapper12CreateCameraEiPKciiiiib
_ZN23QVRServiceCamDspWrapper12DeleteCameraEii
_ZN23QVRServiceCamDspWrapper12ForwardBlockEi
_ZN23QVRServiceCamDspWrapper13ConfigTracingEi
_ZN23QVRServiceCamDspWrapper15GetCurrentQtimeEPm
_ZN23QVRServiceCamDspWrapper16unload_dyn_funcsEv
_ZN23QVRServiceCamDspWrapper17NotifyCameraFrameEii
_ZN23QVRServiceCamDspWrapper17NotifyCameraStateEii
_ZN23QVRServiceCamDspWrapper17SetFrameBufferFdsEiiPKii
_ZN23QVRServiceCamDspWrapper18CreateCameraClientEPKcii
_ZN23QVRServiceCamDspWrapper18DeleteCameraClientEi
_ZN23QVRServiceCamDspWrapper20AddNotifiedDspClientEii
_ZN23QVRServiceCamDspWrapper22CheckStaticRingBuffersEPb
_ZN23QVRServiceCamDspWrapper23RemoveNotifiedDspClientEii
_ZN23QVRServiceCamDspWrapper4InitEv
_ZN23QVRServiceCamDspWrapper6DeinitEv
_ZN23QVRServiceCamDspWrapperC1E25QVRSERVICE_DSP_SUBSYSTEMSb
_ZN23QVRServiceCamDspWrapperC2E25QVRSERVICE_DSP_SUBSYSTEMSb
_ZN23QVRServiceCamDspWrapperD1Ev
_ZN23QVRServiceCamDspWrapperD2Ev
_ZN26QVRServiceCamDspWrapperMgr10GetWrapperEi
_ZN26QVRServiceCamDspWrapperMgr11GetInstanceE25QVRSERVICE_DSP_SUBSYSTEMS
_ZN26QVRServiceCamDspWrapperMgr11GetPropertyE22QVRSERVICE_PROPERTY_IDPi
_ZN26QVRServiceCamDspWrapperMgr13CreateWrapperEiP29qvrservice_ring_buffer_desc_t
_ZN26QVRServiceCamDspWrapperMgr14ReleaseWrapperEv
_ZN26QVRServiceCamDspWrapperMgr18FwdInvokeThreadDSPEPv
_ZN26QVRServiceCamDspWrapperMgr21GetAndroidToQTimeDiffEb
_ZN26QVRServiceCamDspWrapperMgr25ComputeAndroidToQTimeDiffEv
_ZN26QVRServiceCamDspWrapperMgr26RegisterForSSRNotificationEPFvPvES0_
_ZN26QVRServiceCamDspWrapperMgr28UnregisterForSSRNotificationEPv
_ZN26QVRServiceCamDspWrapperMgrC1E25QVRSERVICE_DSP_SUBSYSTEMS
_ZN26QVRServiceCamDspWrapperMgrC2E25QVRSERVICE_DSP_SUBSYSTEMS
_ZN26QVRServiceCamDspWrapperMgrD1Ev
_ZN26QVRServiceCamDspWrapperMgrD2Ev
_ZN9QVRSocket10OpenClientEPKci
_ZN9QVRSocket10OpenServerEPKci
_ZN9QVRSocket10SendPacketEP14QVRSocketPkt_t
_ZN9QVRSocket10openSocketEiPKci
_ZN9QVRSocket14nameThatSocketEPKc
_ZN9QVRSocket15GetPacketWithFdEP14QVRSocketPkt_tPi
_ZN9QVRSocket15SendCredentialsEP14QVRSocketPkt_t
_ZN9QVRSocket24GetPacketWithCredentialsEP14QVRSocketPkt_tP5ucred
_ZN9QVRSocket4BindEv
_ZN9QVRSocket4initEiPKci
_ZN9QVRSocket5CloseEv
_ZN9QVRSocket6AcceptEPPS_
_ZN9QVRSocket6ListenEi
_ZN9QVRSocket6SendFdEP14QVRSocketPkt_ti
_ZN9QVRSocket7ConnectEv
_ZN9QVRSocket8ShutdownEv
_ZN9QVRSocket9GetPacketEP14QVRSocketPkt_t
_ZN9QVRSocket9readBytesEPhi
_ZN9QVRSocketC1Ev
_ZN9QVRSocketC2Ev
_ZN9QVRSocketD1Ev
_ZN9QVRSocketD2Ev
_ZNK23QVRServiceCamDspWrapper19SetRingBufferLayoutEiPKji
_ZNSt3__112__deque_baseI23QVRCAMERA_CAMERA_STATUSNS_9allocatorIS1_EEED2Ev
_ZNSt3__112basic_stringIcNS_11char_traitsIcEENS_9allocatorIcEEE21__grow_by_and_replaceEmmmmmmPKc
_ZNSt3__112basic_stringIcNS_11char_traitsIcEENS_9allocatorIcEEE6appendEPKcm
_ZNSt3__112basic_stringIcNS_11char_traitsIcEENS_9allocatorIcEEE6assignEPKc
_ZNSt3__112basic_stringIcNS_11char_traitsIcEENS_9allocatorIcEEE7reserveEm
_ZNSt3__113__tree_removeIPNS_16__tree_node_baseIPvEEEEvT_S5_
_ZNSt3__114__split_bufferIP23QVRCAMERA_CAMERA_STATUSNS_9allocatorIS2_EEE10push_frontEOS2_
_ZNSt3__114__split_bufferIP23QVRCAMERA_CAMERA_STATUSNS_9allocatorIS2_EEE9push_backEOS2_
_ZNSt3__114__split_bufferIP23QVRCAMERA_CAMERA_STATUSRNS_9allocatorIS2_EEE10push_frontERKS2_
_ZNSt3__114__split_bufferIP23QVRCAMERA_CAMERA_STATUSRNS_9allocatorIS2_EEE9push_backEOS2_
_ZNSt3__127__tree_balance_after_insertIPNS_16__tree_node_baseIPvEEEEvT_S5_
_ZNSt3__15dequeI23QVRCAMERA_CAMERA_STATUSNS_9allocatorIS1_EEE19__add_back_capacityEv
_ZNSt3__16__treeINS_12__value_typeIPvPFvS2_EEENS_19__map_value_compareIS2_S5_NS_4lessIS2_EELb1EEENS_9allocatorIS5_EEE14__erase_uniqueIS2_EEmRKT_
_ZNSt3__16__treeINS_12__value_typeIPvPFvS2_EEENS_19__map_value_compareIS2_S5_NS_4lessIS2_EELb1EEENS_9allocatorIS5_EEE7destroyEPNS_11__tree_nodeIS5_S2_EE
_ZNSt3__16vectorINS_12basic_stringIcNS_11char_traitsIcEENS_9allocatorIcEEEENS4_IS6_EEE21__push_back_slow_pathIRKS6_EEvOT_
_ZNSt3__16vectorINS_12basic_stringIcNS_11char_traitsIcEENS_9allocatorIcEEEENS4_IS6_EEE21__push_back_slow_pathIS6_EEvOT_
getQvrCameraClientInstance
getQvrCameraDeviceInstance
--- count ---
211

################ lib/libqvrcamera_client.so ################
--- NEEDED ---
0x00000001 (NEEDED)                     Shared library: [liblog.so]
0x00000001 (NEEDED)                     Shared library: [libcutils.so]
0x00000001 (NEEDED)                     Shared library: [libutils.so]
0x00000001 (NEEDED)                     Shared library: [libc++.so]
0x00000001 (NEEDED)                     Shared library: [libc.so]
0x00000001 (NEEDED)                     Shared library: [libm.so]
0x00000001 (NEEDED)                     Shared library: [libdl.so]
--- exported functions ---
_Z12getParamSize25QVRSERVICE_PARAM_NUM_TYPE
_Z15showClientState23QVRCAMERA_CLIENT_STATUS
_Z16sendByteResponseP9QVRSockethh
_Z16sendDataResponseP9QVRSockethPKci
_Z17sendEmptyResponseP9QVRSocketh
_Z19doSendReceivePacketP9QVRSocketP14QVRSocketPkt_tS2_b
_Z19sendIntegerResponseP9QVRSockethi
_Z19updateQVRDebugLeveli
_Z22sendDataResponseWithFdP9QVRSockethPKcii
_Z25nop_qvr_cam_dsp_driver_fnv
_Z31doSendEmptyCommandWithIntReturnP9QVRSocketh
_Z32nop_qvr_cam_dsp_driver_notify_fnii
_Z37nop_qvr_cam_dsp_driver_get_command_fnPcS_j
_Z37nop_qvr_cam_dsp_driver_get_version_fnPci
_Z39nop_qvr_cam_dsp_driver_create_camera_fniPKciiiiib
_Z39nop_qvr_cam_dsp_driver_delete_camera_fnii
_Z39nop_qvr_cam_dsp_driver_forward_block_fni
_Z39nop_qvr_cam_dsp_driver_get_hvx_frame_fniPi
_Z40nop_qvr_cam_dsp_driver_config_tracing_fni
_Z43nop_qvr_cam_dsp_driver_stop_hvx_listener_fni
_Z44nop_qvr_cam_dsp_driver_get_current_qtimer_fnPy
_Z44nop_qvr_cam_dsp_driver_start_hvx_listener_fniPKciy
_Z45nop_qvr_cam_dsp_driver_notified_dsp_client_fnii
_Z45nop_qvr_cam_dsp_driver_set_frame_buffer_fd_fniiPKii
_Z46nop_qvr_cam_dsp_driver_create_camera_client_fnPKcii
_Z46nop_qvr_cam_dsp_driver_delete_camera_client_fni
_Z48nop_qvr_cam_dsp_driver_set_ring_buffer_layout_fniPKji
_Z51nop_qvr_cam_dsp_driver_check_static_ring_buffers_fnPb
_Z7showMsg22QVRCAMERA_MESSAGE_TYPE
_Z8_initMsgP14QVRSocketMsg_tP11sockaddr_uni
_Z9showParamPKc25QVRSERVICE_PARAM_NUM_TYPEPc
_ZN10QVRVersion13qvrGetVersionEv
_ZN10QVRVersion16qvrGetVersionIntEiRiS0_S0_S0_
_ZN10QVRVersion16qvrGetVersionIntEv
_ZN13QVRClientImpl10GetVersionEPjPc
_ZN13QVRClientImpl12GetConnIdNumEv
_ZN13QVRClientImpl12GetServiceFdE23QVRSERVICE_SHARED_FD_IDPiPj
_ZN13QVRClientImpl12UpdateConnIdEv
_ZN13QVRClientImpl13EarlySetParamEPKcS1_
_ZN13QVRClientImpl15InitSharedMemAtE15qvr_ring_buf_idP23qvrservice_shared_mem_t
_ZN13QVRClientImpl15SyncClkRegisterE15QVR_SYNC_CLK_ID
_ZN13QVRClientImpl16CreateConnectionEv
_ZN13QVRClientImpl17SyncClkUnregisterE15QVR_SYNC_CLK_ID
_ZN13QVRClientImpl19CapabilityHandshakeEv
_ZN13QVRClientImpl19RegisterWithServiceEPKc
_ZN13QVRClientImpl21GetServiceFdWithIndexE23QVRSERVICE_SHARED_FD_IDiPiPj
_ZN13QVRClientImpl28NotifyServiceSharedMemUpdateE15qvr_ring_buf_id
_ZN13QVRClientImpl29SendEmptyCommandWithIntReturnEh
_ZN13QVRClientImpl30GetRingBufferLayoutFromServiceE15qvr_ring_buf_idP29qvrservice_ring_buffer_desc_t
_ZN13QVRClientImpl8GetParamEPKc
_ZN13QVRClientImpl8GetParamEPKc25QVRSERVICE_PARAM_NUM_TYPEPc
_ZN13QVRClientImpl8GetParamEPKcPjPc
_ZN13QVRClientImpl8SetParamEPKc25QVRSERVICE_PARAM_NUM_TYPES1_
_ZN13QVRClientImpl8SetParamEPKcS1_
_ZN13QVRClientImplC2EPKcS1_b
_ZN13QVRClientImplD0Ev
_ZN13QVRClientImplD1Ev
_ZN13QVRClientImplD2Ev
_ZN16QVRClientSyncClk16GetClientSyncClkE15QVR_SYNC_CLK_IDP13QVRClientImplb
_ZN16QVRClientSyncClk4TickEv
_ZN16QVRClientSyncClk4TickEyi
_ZN16QVRClientSyncClkC1E15QVR_SYNC_CLK_IDP13QVRClientImplb
_ZN16QVRClientSyncClkC2E15QVR_SYNC_CLK_IDP13QVRClientImplb
_ZN16QVRClientSyncClkD1Ev
_ZN16QVRClientSyncClkD2Ev
_ZN19QVRCameraClientImpl12AttachCameraEPKc
_ZN19QVRCameraClientImpl13ReleaseCameraEh
_ZN19QVRCameraClientImpl16SendNotificationE23QVRCAMERA_CLIENT_STATUS
_ZN19QVRCameraClientImpl17SendReceivePacketER14QVRSocketPkt_t
_ZN19QVRCameraClientImpl17SendReceivePacketER14QVRSocketPkt_tS1_
_ZN19QVRCameraClientImpl17SendReceivePacketER14QVRSocketPkt_thPc
_ZN19QVRCameraClientImpl17SendReceivePacketER14QVRSocketPkt_thPcPi
_ZN19QVRCameraClientImpl18CamDspClientCreateE25QVRSERVICE_DSP_SUBSYSTEMS
_ZN19QVRCameraClientImpl18HandleNotificationEPK14QVRSocketPkt_ti
_ZN19QVRCameraClientImpl18InitRingBufferDataE25QVRSERVICE_RING_BUFFER_ID
_ZN19QVRCameraClientImpl19InitStaticSharedMemEv
_ZN19QVRCameraClientImpl19WriteRingBufferDataE25QVRSERVICE_RING_BUFFER_IDPvj
_ZN19QVRCameraClientImpl22AttachCameraWithParamsEPKcP17_qvr_plugin_parami
_ZN19QVRCameraClientImpl23HandleServiceDisconnectEv
_ZN19QVRCameraClientImpl23SetClientStatusCallbackEPFvPv23QVRCAMERA_CLIENT_STATUSES0_
_ZN19QVRCameraClientImpl29RegisterForClientNotificationE29QVRCAMERA_CLIENT_NOTIFICATIONPFvPvS0_S1_jES1_
_ZN19QVRCameraClientImpl7ReleaseEv
_ZN19QVRCameraClientImpl8GetParamEPKcPjPc
_ZN19QVRCameraClientImplC1EPKc
_ZN19QVRCameraClientImplC2EPKc
_ZN19QVRCameraClientImplD0Ev
_ZN19QVRCameraClientImplD1Ev
_ZN19QVRCameraClientImplD2Ev
_ZN19QVRClientConnection10SendPacketEP14QVRSocketPkt_t
_ZN19QVRClientConnection13NetworkThreadEv
_ZN19QVRClientConnection16HandleDataPacketEP14QVRSocketPkt_t
_ZN19QVRClientConnection17SendReceivePacketEP14QVRSocketPkt_tS1_Pi
_ZN19QVRClientConnection19NetworkThreadHelperEPv
_ZN19QVRClientConnection23HandleServiceDisconnectEv
_ZN19QVRClientConnection24ReceivePacketWithTimeoutEP14QVRSocketPkt_tjPi
_ZN19QVRClientConnectionC1EP9QVRSocketP27QVRClientConnectionNotifierPc
_ZN19QVRClientConnectionC2EP9QVRSocketP27QVRClientConnectionNotifierPc
_ZN19QVRClientConnectionD1Ev
_ZN19QVRClientConnectionD2Ev
_ZN21QVRCameraDeviceClient11BufferSetupEv
_ZN21QVRCameraDeviceClient11GetBufferFdEi
_ZN21QVRCameraDeviceClient11GetParamNumEPKc24QVRCAMERA_PARAM_NUM_TYPEhPc
_ZN21QVRCameraDeviceClient11SetParamNumEPKc24QVRCAMERA_PARAM_NUM_TYPEhS1_
_ZN21QVRCameraDeviceClient12ReleaseFrameEi
_ZN21QVRCameraDeviceClient13GetPropertiesEPK27XrCameraDevicePropertiesQTI
_ZN21QVRCameraDeviceClient13InitSharedMemE15qvr_ring_buf_id
_ZN21QVRCameraDeviceClient13SetCropRegionEjjjjjjjj
_ZN21QVRCameraDeviceClient14GetCameraStateEP23QVRCAMERA_CAMERA_STATUS
_ZN21QVRCameraDeviceClient15ReleaseBufferFdEi
_ZN21QVRCameraDeviceClient15_GetCameraStateEP23QVRCAMERA_CAMERA_STATUS
_ZN21QVRCameraDeviceClient16DspCommandThreadEPv
_ZN21QVRCameraDeviceClient16SendNotificationE23QVRCAMERA_CAMERA_STATUS
_ZN21QVRCameraDeviceClient17CreateCameraOnDspEv
_ZN21QVRCameraDeviceClient18HandleNotificationE22QVRCAMERA_MESSAGE_TYPEjji
_ZN21QVRCameraDeviceClient18SetExposureAndGainEyi
_ZN21QVRCameraDeviceClient21GetCurrentFrameNumberEPi
_ZN21QVRCameraDeviceClient23DeviceStateChangeThreadEPv
_ZN21QVRCameraDeviceClient23DspCommandThreadHandlerEv
_ZN21QVRCameraDeviceClient23SetCameraStatusCallbackEPFvPv23QVRCAMERA_CAMERA_STATUSES0_
_ZN21QVRCameraDeviceClient23SetGammaCorrectionValueEf
_ZN21QVRCameraDeviceClient24DeviceStateChangeHandlerEv
_ZN21QVRCameraDeviceClient24determineFnAndWaitStatusEPi19QVRCAMERA_DROP_MODEPb
_ZN21QVRCameraDeviceClient25GetCameraSensorPropertiesEPK32XrHardwareComponentDescriptorQTIPK27XrCameraSensorPropertiesQTI
_ZN21QVRCameraDeviceClient29RegisterForCameraNotificationE29QVRCAMERA_DEVICE_NOTIFICATIONPFvPvS0_S1_jES1_
_ZN21QVRCameraDeviceClient4StopEv
_ZN21QVRCameraDeviceClient5StartEv
_ZN21QVRCameraDeviceClient8GetFrameEPi20QVRCAMERA_BLOCK_MODE19QVRCAMERA_DROP_MODEP15qvrcamera_frame
_ZN21QVRCameraDeviceClient8GetParamEPKcPjPc
_ZN21QVRCameraDeviceClient8SetParamEPKcS1_
_ZN21QVRCameraDeviceClientC1EP19QVRCameraClientImplPKchbhS3_25QVRSERVICE_DSP_SUBSYSTEMS
_ZN21QVRCameraDeviceClientC2EP19QVRCameraClientImplPKchbhS3_25QVRSERVICE_DSP_SUBSYSTEMS
_ZN21QVRCameraDeviceClientD1Ev
_ZN21QVRCameraDeviceClientD2Ev
_ZN23QVRServiceCamDspWrapper10GetCommandEPcS0_j
_ZN23QVRServiceCamDspWrapper10GetVersionEPci
_ZN23QVRServiceCamDspWrapper11GetHVXFrameEiPi
_ZN23QVRServiceCamDspWrapper12CreateCameraEiPKciiiiib
_ZN23QVRServiceCamDspWrapper12DeleteCameraEii
_ZN23QVRServiceCamDspWrapper12ForwardBlockEi
_ZN23QVRServiceCamDspWrapper13ConfigTracingEi
_ZN23QVRServiceCamDspWrapper15GetCurrentQtimeEPy
_ZN23QVRServiceCamDspWrapper16unload_dyn_funcsEv
_ZN23QVRServiceCamDspWrapper17NotifyCameraFrameEii
_ZN23QVRServiceCamDspWrapper17NotifyCameraStateEii
_ZN23QVRServiceCamDspWrapper17SetFrameBufferFdsEiiPKii
_ZN23QVRServiceCamDspWrapper18CreateCameraClientEPKcii
_ZN23QVRServiceCamDspWrapper18DeleteCameraClientEi
_ZN23QVRServiceCamDspWrapper20AddNotifiedDspClientEii
_ZN23QVRServiceCamDspWrapper22CheckStaticRingBuffersEPb
_ZN23QVRServiceCamDspWrapper23RemoveNotifiedDspClientEii
_ZN23QVRServiceCamDspWrapper4InitEv
_ZN23QVRServiceCamDspWrapper6DeinitEv
_ZN23QVRServiceCamDspWrapperC1E25QVRSERVICE_DSP_SUBSYSTEMSb
_ZN23QVRServiceCamDspWrapperC2E25QVRSERVICE_DSP_SUBSYSTEMSb
_ZN23QVRServiceCamDspWrapperD1Ev
_ZN23QVRServiceCamDspWrapperD2Ev
_ZN26QVRServiceCamDspWrapperMgr10GetWrapperEi
_ZN26QVRServiceCamDspWrapperMgr11GetInstanceE25QVRSERVICE_DSP_SUBSYSTEMS
_ZN26QVRServiceCamDspWrapperMgr11GetPropertyE22QVRSERVICE_PROPERTY_IDPi
_ZN26QVRServiceCamDspWrapperMgr13CreateWrapperEiP29qvrservice_ring_buffer_desc_t
_ZN26QVRServiceCamDspWrapperMgr14ReleaseWrapperEv
_ZN26QVRServiceCamDspWrapperMgr18FwdInvokeThreadDSPEPv
_ZN26QVRServiceCamDspWrapperMgr21GetAndroidToQTimeDiffEb
_ZN26QVRServiceCamDspWrapperMgr25ComputeAndroidToQTimeDiffEv
_ZN26QVRServiceCamDspWrapperMgr26RegisterForSSRNotificationEPFvPvES0_
_ZN26QVRServiceCamDspWrapperMgr28UnregisterForSSRNotificationEPv
_ZN26QVRServiceCamDspWrapperMgrC1E25QVRSERVICE_DSP_SUBSYSTEMS
_ZN26QVRServiceCamDspWrapperMgrC2E25QVRSERVICE_DSP_SUBSYSTEMS
_ZN26QVRServiceCamDspWrapperMgrD1Ev
_ZN26QVRServiceCamDspWrapperMgrD2Ev
_ZN9QVRSocket10OpenClientEPKci
_ZN9QVRSocket10OpenServerEPKci
_ZN9QVRSocket10SendPacketEP14QVRSocketPkt_t
_ZN9QVRSocket10openSocketEiPKci
_ZN9QVRSocket14nameThatSocketEPKc
_ZN9QVRSocket15GetPacketWithFdEP14QVRSocketPkt_tPi
_ZN9QVRSocket15SendCredentialsEP14QVRSocketPkt_t
_ZN9QVRSocket24GetPacketWithCredentialsEP14QVRSocketPkt_tP5ucred
_ZN9QVRSocket4BindEv
_ZN9QVRSocket4initEiPKci
_ZN9QVRSocket5CloseEv
_ZN9QVRSocket6AcceptEPPS_
_ZN9QVRSocket6ListenEi
_ZN9QVRSocket6SendFdEP14QVRSocketPkt_ti
_ZN9QVRSocket7ConnectEv
_ZN9QVRSocket8ShutdownEv
_ZN9QVRSocket9GetPacketEP14QVRSocketPkt_t
_ZN9QVRSocket9readBytesEPhi
_ZN9QVRSocketC1Ev
_ZN9QVRSocketC2Ev
_ZN9QVRSocketD1Ev
_ZN9QVRSocketD2Ev
_ZNK23QVRServiceCamDspWrapper19SetRingBufferLayoutEiPKji
_ZNKSt3__112basic_stringIcNS_11char_traitsIcEENS_9allocatorIcEEE7compareEjjPKcj
_ZNKSt3__120__vector_base_commonILb1EE20__throw_length_errorEv
_ZNKSt3__121__basic_string_commonILb1EE20__throw_length_errorEv
_ZNKSt3__121__basic_string_commonILb1EE20__throw_out_of_rangeEv
_ZNSt3__112__deque_baseI23QVRCAMERA_CAMERA_STATUSNS_9allocatorIS1_EEE5clearEv
_ZNSt3__112__deque_baseI23QVRCAMERA_CAMERA_STATUSNS_9allocatorIS1_EEED2Ev
_ZNSt3__112basic_stringIcNS_11char_traitsIcEENS_9allocatorIcEEE21__grow_by_and_replaceEjjjjjjPKc
_ZNSt3__112basic_stringIcNS_11char_traitsIcEENS_9allocatorIcEEE6appendEPKcj
_ZNSt3__112basic_stringIcNS_11char_traitsIcEENS_9allocatorIcEEE6assignEPKcj
_ZNSt3__112basic_stringIcNS_11char_traitsIcEENS_9allocatorIcEEE7reserveEj
_ZNSt3__112basic_stringIcNS_11char_traitsIcEENS_9allocatorIcEEEC2ERKS5_
_ZNSt3__112basic_stringIcNS_11char_traitsIcEENS_9allocatorIcEEEC2ERKS5_jjRKS4_
_ZNSt3__113__tree_removeIPNS_16__tree_node_baseIPvEEEEvT_S5_
_ZNSt3__113__vector_baseINS_12basic_stringIcNS_11char_traitsIcEENS_9allocatorIcEEEENS4_IS6_EEED2Ev
_ZNSt3__114__split_bufferINS_12basic_stringIcNS_11char_traitsIcEENS_9allocatorIcEEEERNS4_IS6_EEEC2EjjS8_
_ZNSt3__114__split_bufferINS_12basic_stringIcNS_11char_traitsIcEENS_9allocatorIcEEEERNS4_IS6_EEED2Ev
_ZNSt3__114__split_bufferIP23QVRCAMERA_CAMERA_STATUSNS_9allocatorIS2_EEE10push_frontEOS2_
_ZNSt3__114__split_bufferIP23QVRCAMERA_CAMERA_STATUSNS_9allocatorIS2_EEE9push_backEOS2_
_ZNSt3__114__split_bufferIP23QVRCAMERA_CAMERA_STATUSNS_9allocatorIS2_EEED2Ev
_ZNSt3__114__split_bufferIP23QVRCAMERA_CAMERA_STATUSRNS_9allocatorIS2_EEE10push_frontERKS2_
_ZNSt3__114__split_bufferIP23QVRCAMERA_CAMERA_STATUSRNS_9allocatorIS2_EEE9push_backEOS2_
_ZNSt3__114__split_bufferIP23QVRCAMERA_CAMERA_STATUSRNS_9allocatorIS2_EEEC2EjjS5_
_ZNSt3__114__split_bufferIP23QVRCAMERA_CAMERA_STATUSRNS_9allocatorIS2_EEED2Ev
_ZNSt3__118__tree_left_rotateIPNS_16__tree_node_baseIPvEEEEvT_
_ZNSt3__119__tree_right_rotateIPNS_16__tree_node_baseIPvEEEEvT_
_ZNSt3__127__tree_balance_after_insertIPNS_16__tree_node_baseIPvEEEEvT_S5_
_ZNSt3__15dequeI23QVRCAMERA_CAMERA_STATUSNS_9allocatorIS1_EEE19__add_back_capacityEv
_ZNSt3__15dequeI23QVRCAMERA_CAMERA_STATUSNS_9allocatorIS1_EEE9pop_frontEv
_ZNSt3__15dequeI23QVRCAMERA_CAMERA_STATUSNS_9allocatorIS1_EEE9push_backEOS1_
_ZNSt3__15dequeI23QVRCAMERA_CAMERA_STATUSNS_9allocatorIS1_EEE9push_backERKS1_
_ZNSt3__16__treeINS_12__value_typeIPvPFvS2_EEENS_19__map_value_compareIS2_S5_NS_4lessIS2_EELb1EEENS_9allocatorIS5_EEE12__find_equalIS2_EERPNS_16__tree_node_baseIS2_EERPNS_15__tree_end_nodeISG_EERKT_
_ZNSt3__16__treeINS_12__value_typeIPvPFvS2_EEENS_19__map_value_compareIS2_S5_NS_4lessIS2_EELb1EEENS_9allocatorIS5_EEE14__erase_uniqueIS2_EEjRKT_
_ZNSt3__16__treeINS_12__value_typeIPvPFvS2_EEENS_19__map_value_compareIS2_S5_NS_4lessIS2_EELb1EEENS_9allocatorIS5_EEE16__insert_node_atEPNS_15__tree_end_nodeIPNS_16__tree_node_baseIS2_EEEERSG_SG_
_ZNSt3__16__treeINS_12__value_typeIPvPFvS2_EEENS_19__map_value_compareIS2_S5_NS_4lessIS2_EELb1EEENS_9allocatorIS5_EEE25__emplace_unique_key_argsIS2_JNS_4pairIKS2_S4_EEEEENSE_INS_15__tree_iteratorIS5_PNS_11__tree_nodeIS5_S2_EEiEEbEERKT_DpOT0_
_ZNSt3__16__treeINS_12__value_typeIPvPFvS2_EEENS_19__map_value_compareIS2_S5_NS_4lessIS2_EELb1EEENS_9allocatorIS5_EEE4findIS2_EENS_15__tree_iteratorIS5_PNS_11__tree_nodeIS5_S2_EEiEERKT_
_ZNSt3__16__treeINS_12__value_typeIPvPFvS2_EEENS_19__map_value_compareIS2_S5_NS_4lessIS2_EELb1EEENS_9allocatorIS5_EEE5eraseENS_21__tree_const_iteratorIS5_PNS_11__tree_nodeIS5_S2_EEiEE
_ZNSt3__16__treeINS_12__value_typeIPvPFvS2_EEENS_19__map_value_compareIS2_S5_NS_4lessIS2_EELb1EEENS_9allocatorIS5_EEE7destroyEPNS_11__tree_nodeIS5_S2_EE
_ZNSt3__16vectorINS_12basic_stringIcNS_11char_traitsIcEENS_9allocatorIcEEEENS4_IS6_EEE21__push_back_slow_pathIRKS6_EEvOT_
_ZNSt3__16vectorINS_12basic_stringIcNS_11char_traitsIcEENS_9allocatorIcEEEENS4_IS6_EEE21__push_back_slow_pathIS6_EEvOT_
_ZNSt3__16vectorINS_12basic_stringIcNS_11char_traitsIcEENS_9allocatorIcEEEENS4_IS6_EEE26__swap_out_circular_bufferERNS_14__split_bufferIS6_RS7_EE
__adddf3
__addsf3
__aeabi_d2uiz
__aeabi_d2ulz
__aeabi_dadd
__aeabi_ddiv
__aeabi_dmul
__aeabi_drsub
__aeabi_dsub
__aeabi_f2d
__aeabi_f2ulz
__aeabi_fadd
__aeabi_frsub
__aeabi_fsub
__aeabi_i2d
__aeabi_i2f
__aeabi_idiv0
__aeabi_l2d
__aeabi_l2f
__aeabi_ldiv0
__aeabi_llsl
__aeabi_llsr
__aeabi_ui2d
__aeabi_ui2f
__aeabi_uidiv
__aeabi_uidivmod
__aeabi_ul2d
__aeabi_ul2f
__aeabi_uldivmod
__ashldi3
__divdf3
__divdi3
__extendsfdf2
__fixunsdfdi
__fixunsdfsi
__fixunssfdi
__floatdidf
__floatdisf
__floatsidf
__floatsisf
__floatundidf
__floatundisf
__floatunsidf
__floatunsisf
__gnu_ldivmod_helper
__gnu_uldivmod_helper
__lshrdi3
__muldf3
__subdf3
__subsf3
__udivdi3
__udivsi3
getQvrCameraClientInstance
getQvrCameraDeviceInstance
--- count ---
287

